Component: Arm Compiler for Embedded 6.19 Tool: armlink [5e73cb00]

==============================================================================

Section Cross References

    main.o(.text.EXTI9_5_IRQHandler) refers to main.o(.bss.mode) for mode
    main.o(.text.EXTI9_5_IRQHandler) refers to systick.o(.text.hal_delay) for hal_delay
    main.o(.text.EXTI9_5_IRQHandler) refers to main.o(.bss.step_count) for step_count
    main.o(.text.EXTI9_5_IRQHandler) refers to lcd.o(.text.LCD_1602A_SetCursor) for LCD_1602A_SetCursor
    main.o(.text.EXTI9_5_IRQHandler) refers to lcd.o(.text.LCD_1602A_ClearScrean) for LCD_1602A_ClearScrean
    main.o(.text.EXTI9_5_IRQHandler) refers to main.o(.rodata.str1.1) for .L.str
    main.o(.text.EXTI9_5_IRQHandler) refers to lcd.o(.text.LCD_1602A_WriteString) for LCD_1602A_WriteString
    main.o(.ARM.exidx.text.EXTI9_5_IRQHandler) refers to main.o(.text.EXTI9_5_IRQHandler) for [Anonymous Symbol]
    main.o(.text.Init) refers to gpio.o(.text.GPIO_Config) for GPIO_Config
    main.o(.text.Init) refers to systick.o(.text.SysTick_Init) for SysTick_Init
    main.o(.text.Init) refers to i2c.o(.text.I2C1_Init) for I2C1_Init
    main.o(.text.Init) refers to mpu6050.o(.text.MPU6050_init) for MPU6050_init
    main.o(.text.Init) refers to lcd.o(.text.LCD_1602A_Init) for LCD_1602A_Init
    main.o(.text.Init) refers to timer.o(.text.TIM2_Config) for TIM2_Config
    main.o(.text.Init) refers to main.o(.bss.step_count) for step_count
    main.o(.text.Init) refers to main.o(.rodata.str1.1) for .L.str.1
    main.o(.text.Init) refers to sprintf.o(.text) for sprintf
    main.o(.text.Init) refers to lcd.o(.text.LCD_1602A_SetCursor) for LCD_1602A_SetCursor
    main.o(.text.Init) refers to lcd.o(.text.LCD_1602A_WriteString) for LCD_1602A_WriteString
    main.o(.ARM.exidx.text.Init) refers to main.o(.text.Init) for [Anonymous Symbol]
    main.o(.text.main) refers to main.o(.text.Init) for Init
    main.o(.ARM.exidx.text.main) refers to main.o(.text.main) for [Anonymous Symbol]
    systick.o(.text.SysTick_Init) refers to system_stm32f10x.o(.data.SystemCoreClock) for SystemCoreClock
    systick.o(.text.SysTick_Init) refers to systick.o(.text.__NVIC_SetPriority) for __NVIC_SetPriority
    systick.o(.text.SysTick_Init) refers to systick.o(.text.__NVIC_EnableIRQ) for __NVIC_EnableIRQ
    systick.o(.ARM.exidx.text.SysTick_Init) refers to systick.o(.text.SysTick_Init) for [Anonymous Symbol]
    systick.o(.ARM.exidx.text.__NVIC_SetPriority) refers to systick.o(.text.__NVIC_SetPriority) for [Anonymous Symbol]
    systick.o(.ARM.exidx.text.__NVIC_EnableIRQ) refers to systick.o(.text.__NVIC_EnableIRQ) for [Anonymous Symbol]
    systick.o(.text.hal_IncTick) refers to systick.o(.bss.msTick) for msTick
    systick.o(.ARM.exidx.text.hal_IncTick) refers to systick.o(.text.hal_IncTick) for [Anonymous Symbol]
    systick.o(.text.hal_GetTick) refers to systick.o(.bss.msTick) for msTick
    systick.o(.ARM.exidx.text.hal_GetTick) refers to systick.o(.text.hal_GetTick) for [Anonymous Symbol]
    systick.o(.text.SysTick_Handler) refers to systick.o(.text.hal_IncTick) for hal_IncTick
    systick.o(.ARM.exidx.text.SysTick_Handler) refers to systick.o(.text.SysTick_Handler) for [Anonymous Symbol]
    systick.o(.text.millis) refers to systick.o(.bss.msTick) for msTick
    systick.o(.ARM.exidx.text.millis) refers to systick.o(.text.millis) for [Anonymous Symbol]
    systick.o(.text.hal_delay) refers to systick.o(.text.hal_GetTick) for hal_GetTick
    systick.o(.ARM.exidx.text.hal_delay) refers to systick.o(.text.hal_delay) for [Anonymous Symbol]
    lcd.o(.text.LCD_1602A_WriteChar) refers to i2c.o(.text.I2C_Write) for I2C_Write
    lcd.o(.ARM.exidx.text.LCD_1602A_WriteChar) refers to lcd.o(.text.LCD_1602A_WriteChar) for [Anonymous Symbol]
    lcd.o(.text.LCD_1602A_WriteString) refers to lcd.o(.text.LCD_1602A_WriteChar) for LCD_1602A_WriteChar
    lcd.o(.ARM.exidx.text.LCD_1602A_WriteString) refers to lcd.o(.text.LCD_1602A_WriteString) for [Anonymous Symbol]
    lcd.o(.text.LCD_1602A_SetCursor) refers to lcd.o(.text.LCD_1602A_WriteChar) for LCD_1602A_WriteChar
    lcd.o(.text.LCD_1602A_SetCursor) refers to systick.o(.text.hal_delay) for hal_delay
    lcd.o(.ARM.exidx.text.LCD_1602A_SetCursor) refers to lcd.o(.text.LCD_1602A_SetCursor) for [Anonymous Symbol]
    lcd.o(.text.LCD_1602A_Init) refers to systick.o(.text.hal_delay) for hal_delay
    lcd.o(.text.LCD_1602A_Init) refers to lcd.o(.text.LCD_1602A_WriteChar) for LCD_1602A_WriteChar
    lcd.o(.ARM.exidx.text.LCD_1602A_Init) refers to lcd.o(.text.LCD_1602A_Init) for [Anonymous Symbol]
    lcd.o(.text.LCD_1602A_ClearScrean) refers to lcd.o(.text.LCD_1602A_WriteChar) for LCD_1602A_WriteChar
    lcd.o(.text.LCD_1602A_ClearScrean) refers to systick.o(.text.hal_delay) for hal_delay
    lcd.o(.ARM.exidx.text.LCD_1602A_ClearScrean) refers to lcd.o(.text.LCD_1602A_ClearScrean) for [Anonymous Symbol]
    i2c.o(.text.I2C1_Init) refers to stm32f10x_i2c.o(.text.I2C_Init) for I2C_Init
[...]
    .ARM.Collect$$_printf_percent$$00000013  0x080001d4   Section        6  _printf_c.o(.ARM.Collect$$_printf_percent$$00000013)
    .ARM.Collect$$_printf_percent$$00000014  0x080001da   Section        6  _printf_s.o(.ARM.Collect$$_printf_percent$$00000014)
    .ARM.Collect$$_printf_percent$$00000015  0x080001e0   Section        6  _printf_lc.o(.ARM.Collect$$_printf_percent$$00000015)
    .ARM.Collect$$_printf_percent$$00000016  0x080001e6   Section        6  _printf_ls.o(.ARM.Collect$$_printf_percent$$00000016)
    .ARM.Collect$$_printf_percent$$00000017  0x080001ec   Section        4  _printf_percent_end.o(.ARM.Collect$$_printf_percent$$00000017)
    .ARM.Collect$$libinit$$00000000          0x080001f0   Section        2  libinit.o(.ARM.Collect$$libinit$$00000000)
    .ARM.Collect$$libinit$$00000002          0x080001f2   Section        0  libinit2.o(.ARM.Collect$$libinit$$00000002)
    .ARM.Collect$$libinit$$00000004          0x080001f2   Section        0  libinit2.o(.ARM.Collect$$libinit$$00000004)
    .ARM.Collect$$libinit$$00000006          0x080001f2   Section        0  libinit2.o(.ARM.Collect$$libinit$$00000006)
    .ARM.Collect$$libinit$$0000000C          0x080001f2   Section        0  libinit2.o(.ARM.Collect$$libinit$$0000000C)
    .ARM.Collect$$libinit$$0000000E          0x080001f2   Section        0  libinit2.o(.ARM.Collect$$libinit$$0000000E)
    .ARM.Collect$$libinit$$00000010          0x080001f2   Section        0  libinit2.o(.ARM.Collect$$libinit$$00000010)
    .ARM.Collect$$libinit$$00000011          0x080001f2   Section        6  libinit2.o(.ARM.Collect$$libinit$$00000011)
    .ARM.Collect$$libinit$$00000013          0x080001f8   Section        0  libinit2.o(.ARM.Collect$$libinit$$00000013)
    .ARM.Collect$$libinit$$00000014          0x080001f8   Section       12  libinit2.o(.ARM.Collect$$libinit$$00000014)
    .ARM.Collect$$libinit$$00000015          0x08000204   Section        0  libinit2.o(.ARM.Collect$$libinit$$00000015)
    .ARM.Collect$$libinit$$00000017          0x08000204   Section        0  libinit2.o(.ARM.Collect$$libinit$$00000017)
    .ARM.Collect$$libinit$$00000018          0x08000204   Section       10  libinit2.o(.ARM.Collect$$libinit$$00000018)
    .ARM.Collect$$libinit$$00000019          0x0800020e   Section        0  libinit2.o(.ARM.Collect$$libinit$$00000019)
    .ARM.Collect$$libinit$$0000001B          0x0800020e   Section        0  libinit2.o(.ARM.Collect$$libinit$$0000001B)
    .ARM.Collect$$libinit$$0000001D          0x0800020e   Section        0  libinit2.o(.ARM.Collect$$libinit$$0000001D)
    .ARM.Collect$$libinit$$0000001F          0x0800020e   Section        0  libinit2.o(.ARM.Collect$$libinit$$0000001F)
    .ARM.Collect$$libinit$$00000021          0x0800020e   Section        0  libinit2.o(.ARM.Collect$$libinit$$00000021)
    .ARM.Collect$$libinit$$00000023          0x0800020e   Section        0  libinit2.o(.ARM.Collect$$libinit$$00000023)
    .ARM.Collect$$libinit$$00000025          0x0800020e   Section        0  libinit2.o(.ARM.Collect$$libinit$$00000025)
    .ARM.Collect$$libinit$$00000027          0x0800020e   Section        0  libinit2.o(.ARM.Collect$$libinit$$00000027)
    .ARM.Collect$$libinit$$0000002E          0x0800020e   Section        0  libinit2.o(.ARM.Collect$$libinit$$0000002E)
    .ARM.Collect$$libinit$$00000030          0x0800020e   Section        0  libinit2.o(.ARM.Collect$$libinit$$00000030)
    .ARM.Collect$$libinit$$00000032          0x0800020e   Section        0  libinit2.o(.ARM.Collect$$libinit$$00000032)
    .ARM.Collect$$libinit$$00000034          0x0800020e   Section        0  libinit2.o(.ARM.Collect$$libinit$$00000034)
    .ARM.Collect$$libinit$$00000035          0x0800020e   Section        2  libinit2.o(.ARM.Collect$$libinit$$00000035)
    .ARM.Collect$$libshutdown$$00000000      0x08000210   Section        2  libshutdown.o(.ARM.Collect$$libshutdown$$00000000)
    .ARM.Collect$$libshutdown$$00000002      0x08000212   Section        0  libshutdown2.o(.ARM.Collect$$libshutdown$$00000002)
    .ARM.Collect$$libshutdown$$00000004      0x08000212   Section        0  libshutdown2.o(.ARM.Collect$$libshutdown$$00000004)
    .ARM.Collect$$libshutdown$$00000007      0x08000212   Section        0  libshutdown2.o(.ARM.Collect$$libshutdown$$00000007)
    .ARM.Collect$$libshutdown$$0000000A      0x08000212   Section        0  libshutdown2.o(.ARM.Collect$$libshutdown$$0000000A)
    .ARM.Collect$$libshutdown$$0000000C      0x08000212   Section        0  libshutdown2.o(.ARM.Collect$$libshutdown$$0000000C)
    .ARM.Collect$$libshutdown$$0000000F      0x08000212   Section        0  libshutdown2.o(.ARM.Collect$$libshutdown$$0000000F)
    .ARM.Collect$$libshutdown$$00000010      0x08000212   Section        2  libshutdown2.o(.ARM.Collect$$libshutdown$$00000010)
    .ARM.Collect$$rtentry$$00000000          0x08000214   Section        0  __rtentry.o(.ARM.Collect$$rtentry$$00000000)
    .ARM.Collect$$rtentry$$00000002          0x08000214   Section        0  __rtentry2.o(.ARM.Collect$$rtentry$$00000002)
    .ARM.Collect$$rtentry$$00000004          0x08000214   Section        6  __rtentry4.o(.ARM.Collect$$rtentry$$00000004)
    .ARM.Collect$$rtentry$$00000009          0x0800021a   Section        0  __rtentry2.o(.ARM.Collect$$rtentry$$00000009)
    .ARM.Collect$$rtentry$$0000000A          0x0800021a   Section        4  __rtentry2.o(.ARM.Collect$$rtentry$$0000000A)
    .ARM.Collect$$rtentry$$0000000C          0x0800021e   Section        0  __rtentry2.o(.ARM.Collect$$rtentry$$0000000C)
    .ARM.Collect$$rtentry$$0000000D          0x0800021e   Section        8  __rtentry2.o(.ARM.Collect$$rtentry$$0000000D)
    .ARM.Collect$$rtexit$$00000000           0x08000226   Section        2  rtexit.o(.ARM.Collect$$rtexit$$00000000)
    .ARM.Collect$$rtexit$$00000002           0x08000228   Section        0  rtexit2.o(.ARM.Collect$$rtexit$$00000002)
    .ARM.Collect$$rtexit$$00000003           0x08000228   Section        4  rtexit2.o(.ARM.Collect$$rtexit$$00000003)
    .ARM.Collect$$rtexit$$00000004           0x0800022c   Section        6  rtexit2.o(.ARM.Collect$$rtexit$$00000004)
    .text                                    0x08000234   Section       64  startup_stm32f10x_md.o(.text)
    .text                                    0x08000274   Section        0  sprintf.o(.text)
    .text                                    0x080002a0   Section        0  heapauxi.o(.text)
    .text                                    0x080002a6   Section        0  _rserrno.o(.text)
    .text                                    0x080002bc   Section        0  _printf_pad.o(.text)
    .text                                    0x0800030a   Section        0  _printf_truncate.o(.text)
    .text                                    0x0800032e   Section        0  _printf_str.o(.text)
    .text                                    0x08000380   Section        0  _printf_dec.o(.text)
    .text                                    0x080003f8   Section        0  _printf_charcount.o(.text)
    _printf_input_char                       0x08000421   Thumb Code    10  _printf_char_common.o(.text)
    .text                                    0x08000420   Section        0  _printf_char_common.o(.text)
    .text                                    0x08000450   Section        0  _sputc.o(.text)
    .text                                    0x0800045c   Section        0  _printf_wctomb.o(.text)
    .text                                    0x08000518   Section        0  _printf_longlong_dec.o(.text)
    _printf_longlong_oct_internal            0x08000595   Thumb Code     0  _printf_oct_int_ll.o(.text)
    .text                                    0x08000594   Section        0  _printf_oct_int_ll.o(.text)
    _printf_hex_common                       0x08000605   Thumb Code     0  _printf_hex_int_ll_ptr.o(.text)
    .text                                    0x08000604   Section        0  _printf_hex_int_ll_ptr.o(.text)
    .text                                    0x08000698   Section        0  __printf_flags_ss_wp.o(.text)
    .text                                    0x08000820   Section        8  rt_errno_addr_intlibspace.o(.text)
    .text                                    0x08000828   Section      138  lludiv10.o(.text)
    .text                                    0x080008b2   Section        0  _printf_intcommon.o(.text)
    _fp_digits                               0x08000965   Thumb Code   432  _printf_fp_dec.o(.text)
    .text                                    0x08000964   Section        0  _printf_fp_dec.o(.text)
    .text                                    0x08000d80   Section        0  _printf_fp_hex.o(.text)
    .text                                    0x0800107c   Section        0  _printf_char.o(.text)
    .text                                    0x080010a8   Section        0  _printf_wchar.o(.text)
    .text                                    0x080010d4   Section        0  _c16rtomb.o(.text)
    .text                                    0x0800111c   Section        8  libspace.o(.text)
    .text                                    0x08001124   Section       74  sys_stackheap_outer.o(.text)
    .text                                    0x08001170   Section       16  rt_ctype_table.o(.text)
    .text                                    0x08001180   Section        8  rt_locale_intlibspace.o(.text)
    .text                                    0x08001188   Section        0  _printf_fp_infnan.o(.text)
    .text                                    0x08001208   Section        0  bigflt0.o(.text)
    .text                                    0x080012ec   Section        0  exit.o(.text)
    .text                                    0x08001300   Section      128  strcmpv7m.o(.text)
    .text                                    0x08001380   Section        0  sys_exit.o(.text)
    .text                                    0x0800138c   Section        2  use_no_semi.o(.text)
    .text                                    0x0800138e   Section        0  indicate_semi.o(.text)
    [Anonymous Symbol]                       0x08001390   Section        0  main.o(.text.EXTI9_5_IRQHandler)
    [Anonymous Symbol]                       0x08001478   Section        0  gpio.o(.text.GPIO_Config)
    [Anonymous Symbol]                       0x08001568   Section        0  i2c.o(.text.I2C1_Init)
    [Anonymous Symbol]                       0x080015e0   Section        0  stm32f10x_i2c.o(.text.I2C_AcknowledgeConfig)
    [Anonymous Symbol]                       0x0800160c   Section        0  stm32f10x_i2c.o(.text.I2C_CheckEvent)
    [Anonymous Symbol]                       0x08001660   Section        0  stm32f10x_i2c.o(.text.I2C_Cmd)
    [Anonymous Symbol]                       0x0800168c   Section        0  stm32f10x_i2c.o(.text.I2C_GenerateSTART)
    [Anonymous Symbol]                       0x080016b8   Section        0  stm32f10x_i2c.o(.text.I2C_GenerateSTOP)
    [Anonymous Symbol]                       0x080016e4   Section        0  stm32f10x_i2c.o(.text.I2C_GetFlagStatus)
    [Anonymous Symbol]                       0x08001748   Section        0  stm32f10x_i2c.o(.text.I2C_Init)
    [Anonymous Symbol]                       0x080018f4   Section        0  i2c.o(.text.I2C_Read)
    [Anonymous Symbol]                       0x08001a80   Section        0  stm32f10x_i2c.o(.text.I2C_ReceiveData)
    [Anonymous Symbol]                       0x08001a90   Section        0  stm32f10x_i2c.o(.text.I2C_Send7bitAddress)
    [Anonymous Symbol]                       0x08001acc   Section        0  stm32f10x_i2c.o(.text.I2C_SendData)
    [Anonymous Symbol]                       0x08001ae0   Section        0  i2c.o(.text.I2C_Write)
    [Anonymous Symbol]                       0x08001b94   Section        0  i2c.o(.text.I2C_Write_To_Reg)
    [Anonymous Symbol]                       0x08001c78   Section        0  main.o(.text.Init)
    [Anonymous Symbol]                       0x08001cc8   Section        0  lcd.o(.text.LCD_1602A_ClearScrean)
    [Anonymous Symbol]                       0x08001cdc   Section        0  lcd.o(.text.LCD_1602A_Init)
    [Anonymous Symbol]                       0x08001d44   Section        0  lcd.o(.text.LCD_1602A_SetCursor)
    [Anonymous Symbol]                       0x08001d90   Section        0  lcd.o(.text.LCD_1602A_WriteChar)
    [Anonymous Symbol]                       0x08001e34   Section        0  lcd.o(.text.LCD_1602A_WriteString)
    [Anonymous Symbol]                       0x08001e58   Section        0  mpu6050.o(.text.MPU6050_init)
    [Anonymous Symbol]                       0x08001ec0   Section        0  mpu6050.o(.text.MPU_Read)
    [Anonymous Symbol]                       0x08001ee8   Section        0  mpu6050.o(.text.MPU_Write)
    [Anonymous Symbol]                       0x08001f0c   Section        0  mpu6050.o(.text.MPU_read_Acc_total)
    [Anonymous Symbol]                       0x08001fcc   Section        0  mpu6050.o(.text.MPU_read_accX)
    [Anonymous Symbol]                       0x08001ff8   Section        0  mpu6050.o(.text.MPU_read_accY)
    [Anonymous Symbol]                       0x08002024   Section        0  mpu6050.o(.text.MPU_read_accZ)
    [Anonymous Symbol]                       0x08002050   Section        0  stm32f10x_rcc.o(.text.RCC_GetClocksFreq)
    SetSysClock                              0x080021c5   Thumb Code     8  system_stm32f10x.o(.text.SetSysClock)
    [Anonymous Symbol]                       0x080021c4   Section        0  system_stm32f10x.o(.text.SetSysClock)
    SetSysClockTo72                          0x080021cd   Thumb Code   290  system_stm32f10x.o(.text.SetSysClockTo72)
    [Anonymous Symbol]                       0x080021cc   Section        0  system_stm32f10x.o(.text.SetSysClockTo72)
    [Anonymous Symbol]                       0x080022f0   Section        0  systick.o(.text.SysTick_Handler)
    [Anonymous Symbol]                       0x08002308   Section        0  systick.o(.text.SysTick_Init)
    [Anonymous Symbol]                       0x08002364   Section        0  system_stm32f10x.o(.text.SystemInit)
    [Anonymous Symbol]                       0x080023cc   Section        0  timer.o(.text.TIM2_Config)
    [Anonymous Symbol]                       0x08002434   Section        0  timer.o(.text.TIM2_IRQHandler)
    __NVIC_EnableIRQ                         0x08002509   Thumb Code    48  systick.o(.text.__NVIC_EnableIRQ)
    [Anonymous Symbol]                       0x08002508   Section        0  systick.o(.text.__NVIC_EnableIRQ)
    __NVIC_EnableIRQ                         0x08002539   Thumb Code    48  timer.o(.text.__NVIC_EnableIRQ)
    [Anonymous Symbol]                       0x08002538   Section        0  timer.o(.text.__NVIC_EnableIRQ)
    __NVIC_EnableIRQ                         0x08002569   Thumb Code    48  gpio.o(.text.__NVIC_EnableIRQ)
    [Anonymous Symbol]                       0x08002568   Section        0  gpio.o(.text.__NVIC_EnableIRQ)
    __NVIC_SetPriority                       0x08002599   Thumb Code    66  systick.o(.text.__NVIC_SetPriority)
    [Anonymous Symbol]                       0x08002598   Section        0  systick.o(.text.__NVIC_SetPriority)
    __NVIC_SetPriority                       0x080025dd   Thumb Code    66  timer.o(.text.__NVIC_SetPriority)
    [Anonymous Symbol]                       0x080025dc   Section        0  timer.o(.text.__NVIC_SetPriority)
    __NVIC_SetPriority                       0x08002621   Thumb Code    66  gpio.o(.text.__NVIC_SetPriority)
    [Anonymous Symbol]                       0x08002620   Section        0  gpio.o(.text.__NVIC_SetPriority)
    [Anonymous Symbol]                       0x08002664   Section        0  systick.o(.text.hal_GetTick)
    [Anonymous Symbol]                       0x08002670   Section        0  systick.o(.text.hal_IncTick)
    [Anonymous Symbol]                       0x08002680   Section        0  systick.o(.text.hal_delay)
    [Anonymous Symbol]                       0x080026a8   Section        0  main.o(.text.main)
    [Anonymous Symbol]                       0x080026b8   Section        0  timer.o(.text.peakDetection)
    CL$$btod_d2e                             0x0800275a   Section       62  btod.o(CL$$btod_d2e)
    CL$$btod_d2e_denorm_low                  0x08002798   Section       70  btod.o(CL$$btod_d2e_denorm_low)
    CL$$btod_d2e_norm_op1                    0x080027de   Section       96  btod.o(CL$$btod_d2e_norm_op1)
    CL$$btod_div_common                      0x08002840   Section      824  btod.o(CL$$btod_div_common)
    CL$$btod_e2e                             0x08002b78   Section      220  btod.o(CL$$btod_e2e)
    CL$$btod_ediv                            0x08002c54   Section       42  btod.o(CL$$btod_ediv)
    CL$$btod_emul                            0x08002c7e   Section       42  btod.o(CL$$btod_emul)
    CL$$btod_mult_common                     0x08002ca8   Section      580  btod.o(CL$$btod_mult_common)
    i.__ARM_fpclassify                       0x08002eec   Section        0  fpclassify.o(i.__ARM_fpclassify)
    i._is_digit                              0x08002f14   Section        0  __printf_wp.o(i._is_digit)
    i.sqrt                                   0x08002f22   Section        0  sqrt.o(i.sqrt)
    locale$$code                             0x08002f70   Section       44  lc_numeric_c.o(locale$$code)
    locale$$code                             0x08002f9c   Section       44  lc_ctype_c.o(locale$$code)
    x$fpl$d2f                                0x08002fc8   Section       98  d2f.o(x$fpl$d2f)
    x$fpl$dadd                               0x0800302c   Section      336  daddsub_clz.o(x$fpl$dadd)
    _dadd1                                   0x0800303d   Thumb Code     0  daddsub_clz.o(x$fpl$dadd)
    x$fpl$dcmpinf                            0x0800317c   Section       24  dcmpi.o(x$fpl$dcmpinf)
    x$fpl$ddiv                               0x08003194   Section      692  ddiv.o(x$fpl$ddiv)
    ddiv_entry                               0x0800319b   Thumb Code     0  ddiv.o(x$fpl$ddiv)
    x$fpl$deqf                               0x08003448   Section      120  deqf.o(x$fpl$deqf)
    x$fpl$dflt                               0x080034c0   Section       46  dflt_clz.o(x$fpl$dflt)
    x$fpl$dgeqf                              0x080034f0   Section      120  dgeqf.o(x$fpl$dgeqf)
    x$fpl$dleqf                              0x08003568   Section      120  dleqf.o(x$fpl$dleqf)
    x$fpl$dnaninf                            0x080035e0   Section      156  dnaninf.o(x$fpl$dnaninf)
    x$fpl$dretinf                            0x0800367c   Section       12  dretinf.o(x$fpl$dretinf)
    x$fpl$dsqrt                              0x08003688   Section      460  dsqrt_noumaal.o(x$fpl$dsqrt)
    x$fpl$dsub                               0x08003854   Section      476  daddsub_clz.o(x$fpl$dsub)
    _dsub1                                   0x08003865   Thumb Code     0  daddsub_clz.o(x$fpl$dsub)
    x$fpl$f2d                                0x08003a30   Section       86  f2d.o(x$fpl$f2d)
    x$fpl$fcmp                               0x08003a86   Section       84  dcmp.o(x$fpl$fcmp)
    x$fpl$fnaninf                            0x08003ada   Section      140  fnaninf.o(x$fpl$fnaninf)
    x$fpl$fretinf                            0x08003b66   Section       10  fretinf.o(x$fpl$fretinf)
    x$fpl$printf1                            0x08003b70   Section        4  printf1.o(x$fpl$printf1)
    x$fpl$printf2                            0x08003b74   Section        4  printf2.o(x$fpl$printf2)
    initial_mbstate                          0x08003b78   Data           8  _printf_wctomb.o(.constdata)
    .constdata                               0x08003b78   Section        8  _printf_wctomb.o(.constdata)
    x$fpl$usenofp                            0x08003b78   Section        0  usenofp.o(x$fpl$usenofp)
    uc_hextab                                0x08003b80   Data          20  _printf_hex_int_ll_ptr.o(.constdata)
    .constdata                               0x08003b80   Section       40  _printf_hex_int_ll_ptr.o(.constdata)
    lc_hextab                                0x08003b94   Data          20  _printf_hex_int_ll_ptr.o(.constdata)
    maptable                                 0x08003ba8   Data          17  __printf_flags_ss_wp.o(.constdata)
    .constdata                               0x08003ba8   Section       17  __printf_flags_ss_wp.o(.constdata)
    lc_hextab                                0x08003bb9   Data          19  _printf_fp_hex.o(.constdata)
    .constdata                               0x08003bb9   Section       38  _printf_fp_hex.o(.constdata)
    uc_hextab                                0x08003bcc   Data          19  _printf_fp_hex.o(.constdata)
    tenpwrs_x                                0x08003be0   Data          60  bigflt0.o(.constdata)
    .constdata                               0x08003be0   Section      148  bigflt0.o(.constdata)
    tenpwrs_i                                0x08003c1c   Data          64  bigflt0.o(.constdata)
    ADCPrescTable                            0x08003c74   Data           4  stm32f10x_rcc.o(.rodata.ADCPrescTable)
    [Anonymous Symbol]                       0x08003c74   Section        0  stm32f10x_rcc.o(.rodata.ADCPrescTable)
    APBAHBPrescTable                         0x08003c78   Data          16  stm32f10x_rcc.o(.rodata.APBAHBPrescTable)
    [Anonymous Symbol]                       0x08003c78   Section        0  stm32f10x_rcc.o(.rodata.APBAHBPrescTable)
    .L.str                                   0x08003c88   Data           9  main.o(.rodata.str1.1)
    [Anonymous Symbol]                       0x08003c88   Section        0  main.o(.rodata.str1.1)
    .L.str.1                                 0x08003c91   Data           3  main.o(.rodata.str1.1)
    .L.str.1                                 0x08003c91   Data           3  main.o(.rodata.str1.1)
    .L.str                                   0x08003c94   Data           8  timer.o(.rodata.str1.1)
    [Anonymous Symbol]                       0x08003c94   Section        0  timer.o(.rodata.str1.1)
    locale$$data                             0x08003cbc   Section       28  lc_numeric_c.o(locale$$data)
    __lcnum_c_name                           0x08003cc0   Data           2  lc_numeric_c.o(locale$$data)
    __lcnum_c_start                          0x08003cc8   Data           0  lc_numeric_c.o(locale$$data)
    __lcnum_c_point                          0x08003cd4   Data           0  lc_numeric_c.o(locale$$data)
    __lcnum_c_thousands                      0x08003cd6   Data           0  lc_numeric_c.o(locale$$data)
    __lcnum_c_grouping                       0x08003cd7   Data           0  lc_numeric_c.o(locale$$data)
    __lcnum_c_end                            0x08003cd8   Data           0  lc_numeric_c.o(locale$$data)
    locale$$data                             0x08003cd8   Section      272  lc_ctype_c.o(locale$$data)
    __lcctype_c_name                         0x08003cdc   Data           2  lc_ctype_c.o(locale$$data)
    __lcctype_c_start                        0x08003ce4   Data           0  lc_ctype_c.o(locale$$data)
    __lcctype_c_end                          0x08003de8   Data           0  lc_ctype_c.o(locale$$data)
    .bss                                     0x20000008   Section       96  libspace.o(.bss)
    Heap_Mem                                 0x20000078   Data         512  startup_stm32f10x_md.o(HEAP)
    HEAP                                     0x20000078   Section      512  startup_stm32f10x_md.o(HEAP)
    Stack_Mem                                0x20000278   Data        1024  startup_stm32f10x_md.o(STACK)
    STACK                                    0x20000278   Section     1024  startup_stm32f10x_md.o(STACK)
    __initial_sp                             0x20000678   Data           0  startup_stm32f10x_md.o(STACK)

    Global Symbols

    Symbol Name                              Value     Ov Type        Size  Object(Section)

    BuildAttributes$$THM_ISAv4$P$D$K$B$S$PE$A:L22UL41UL21$X:L11$S22US41US21$IEEE1$IW$~IW$USESV6$~STKCKD$USESV7$~SHL$OTIME$ROPI$IEEEJ$EBA8$UX$STANDARDLIB$REQ8$PRES8$EABIv2 0x00000000   Number         0  anon$$obj.o ABSOLUTE
    __fp_init_empty                          0x00000000   Number         0  fpinit_empty.o ABSOLUTE
    _printf_flags                            0x00000000   Number         0  printf_stubs.o ABSOLUTE
    _printf_return_value                     0x00000000   Number         0  printf_stubs.o ABSOLUTE
    _printf_sizespec                         0x00000000   Number         0  printf_stubs.o ABSOLUTE
    _printf_widthprec                        0x00000000   Number         0  printf_stubs.o ABSOLUTE
    __ARM_exceptions_init                     - Undefined Weak Reference
    __alloca_initialize                       - Undefined Weak Reference
    __arm_preinit_                            - Undefined Weak Reference
    __arm_relocate_pie_                       - Undefined Weak Reference
    __cpp_initialize__aeabi_                  - Undefined Weak Reference
    __cxa_finalize                            - Undefined Weak Reference
    __sigvec_lookup                           - Undefined Weak Reference
    _atexit_init                              - Undefined Weak Reference
    _call_atexit_fns                          - Undefined Weak Reference
    _clock_init                               - Undefined Weak Reference
    _fp_trap_init                             - Undefined Weak Reference
    _fp_trap_shutdown                         - Undefined Weak Reference
    _get_lc_collate                           - Undefined Weak Reference
    _get_lc_monetary                          - Undefined Weak Reference
    _get_lc_time                              - Undefined Weak Reference
    _getenv_init                              - Undefined Weak Reference
    _handle_redirection                       - Undefined Weak Reference
    _init_alloc                               - Undefined Weak Reference
    _init_user_alloc                          - Undefined Weak Reference
    _initio                                   - Undefined Weak Reference
    _printf_mbtowc                            - Undefined Weak Reference
    _printf_wc                                - Undefined Weak Reference
    _rand_init                                - Undefined Weak Reference
    _signal_finish                            - Undefined Weak Reference
    _signal_init                              - Undefined Weak Reference
    _terminate_alloc                          - Undefined Weak Reference
    _terminate_user_alloc                     - Undefined Weak Reference
    _terminateio                              - Undefined Weak Reference
    __Vectors_Size                           0x000000ec   Number         0  startup_stm32f10x_md.o ABSOLUTE
    __Vectors                                0x08000000   Data           4  startup_stm32f10x_md.o(RESET)
    __Vectors_End                            0x080000ec   Data           0  startup_stm32f10x_md.o(RESET)
    __main                                   0x080000ed   Thumb Code     8  __main.o(!!!main)
    __scatterload                            0x080000f5   Thumb Code     0  __scatter.o(!!!scatter)
    __scatterload_rt2                        0x080000f5   Thumb Code    44  __scatter.o(!!!scatter)
    __scatterload_rt2_thumb_only             0x080000f5   Thumb Code     0  __scatter.o(!!!scatter)
    __scatterload_null                       0x08000103   Thumb Code     0  __scatter.o(!!!scatter)
    __scatterload_copy                       0x08000129   Thumb Code    26  __scatter_copy.o(!!handler_copy)
    __scatterload_zeroinit                   0x08000145   Thumb Code    28  __scatter_zi.o(!!handler_zi)
    _printf_n                                0x08000161   Thumb Code     0  _printf_n.o(.ARM.Collect$$_printf_percent$$00000001)
    _printf_percent                          0x08000161   Thumb Code     0  _printf_percent.o(.ARM.Collect$$_printf_percent$$00000000)
    _printf_p                                0x08000167   Thumb Code     0  _printf_p.o(.ARM.Collect$$_printf_percent$$00000002)
    _printf_f                                0x0800016d   Thumb Code     0  _printf_f.o(.ARM.Collect$$_printf_percent$$00000003)
    _printf_e                                0x08000173   Thumb Code     0  _printf_e.o(.ARM.Collect$$_printf_percent$$00000004)
    _printf_g                                0x08000179   Thumb Code     0  _printf_g.o(.ARM.Collect$$_printf_percent$$00000005)
    _printf_a                                0x0800017f   Thumb Code     0  _printf_a.o(.ARM.Collect$$_printf_percent$$00000006)
    _printf_ll                               0x08000185   Thumb Code     0  _printf_ll.o(.ARM.Collect$$_printf_percent$$00000007)
    _printf_i                                0x0800018f   Thumb Code     0  _printf_i.o(.ARM.Collect$$_printf_percent$$00000008)
    _printf_d                                0x08000195   Thumb Code     0  _printf_d.o(.ARM.Collect$$_printf_percent$$00000009)
    _printf_u                                0x0800019b   Thumb Code     0  _printf_u.o(.ARM.Collect$$_printf_percent$$0000000A)
    _printf_o                                0x080001a1   Thumb Code     0  _printf_o.o(.ARM.Collect$$_printf_percent$$0000000B)
    _printf_x                                0x080001a7   Thumb Code     0  _printf_x.o(.ARM.Collect$$_printf_percent$$0000000C)
    _printf_lli                              0x080001ad   Thumb Code     0  _printf_lli.o(.ARM.Collect$$_printf_percent$$0000000D)
    _printf_lld                              0x080001b3   Thumb Code     0  _printf_lld.o(.ARM.Collect$$_printf_percent$$0000000E)
    _printf_llu                              0x080001b9   Thumb Code     0  _printf_llu.o(.ARM.Collect$$_printf_percent$$0000000F)
    _printf_llo                              0x080001bf   Thumb Code     0  _printf_llo.o(.ARM.Collect$$_printf_percent$$00000010)
    _printf_llx                              0x080001c5   Thumb Code     0  _printf_llx.o(.ARM.Collect$$_printf_percent$$00000011)
    _printf_l                                0x080001cb   Thumb Code     0  _printf_l.o(.ARM.Collect$$_printf_percent$$00000012)
    _printf_c                                0x080001d5   Thumb Code     0  _printf_c.o(.ARM.Collect$$_printf_percent$$00000013)
    _printf_s                                0x080001db   Thumb Code     0  _printf_s.o(.ARM.Collect$$_printf_percent$$00000014)
    _printf_lc                               0x080001e1   Thumb Code     0  _printf_lc.o(.ARM.Collect$$_printf_percent$$00000015)
    _printf_ls                               0x080001e7   Thumb Code     0  _printf_ls.o(.ARM.Collect$$_printf_percent$$00000016)
    _printf_percent_end                      0x080001ed   Thumb Code     0  _printf_percent_end.o(.ARM.Collect$$_printf_percent$$00000017)
    __rt_lib_init                            0x080001f1   Thumb Code     0  libinit.o(.ARM.Collect$$libinit$$00000000)
    __rt_lib_init_fp_1                       0x080001f3   Thumb Code     0  libinit2.o(.ARM.Collect$$libinit$$00000002)
    __rt_lib_init_heap_1                     0x080001f3   Thumb Code     0  libinit2.o(.ARM.Collect$$libinit$$0000000C)
    __rt_lib_init_lc_common                  0x080001f3   Thumb Code     0  libinit2.o(.ARM.Collect$$libinit$$00000011)
    __rt_lib_init_preinit_1                  0x080001f3   Thumb Code     0  libinit2.o(.ARM.Collect$$libinit$$00000006)
    __rt_lib_init_rand_1                     0x080001f3   Thumb Code     0  libinit2.o(.ARM.Collect$$libinit$$00000010)
    __rt_lib_init_relocate_pie_1             0x080001f3   Thumb Code     0  libinit2.o(.ARM.Collect$$libinit$$00000004)
    __rt_lib_init_user_alloc_1               0x080001f3   Thumb Code     0  libinit2.o(.ARM.Collect$$libinit$$0000000E)
    __rt_lib_init_lc_collate_1               0x080001f9   Thumb Code     0  libinit2.o(.ARM.Collect$$libinit$$00000013)
    __rt_lib_init_lc_ctype_2                 0x080001f9   Thumb Code     0  libinit2.o(.ARM.Collect$$libinit$$00000014)
    __rt_lib_init_lc_ctype_1                 0x08000205   Thumb Code     0  libinit2.o(.ARM.Collect$$libinit$$00000015)
    __rt_lib_init_lc_monetary_1              0x08000205   Thumb Code     0  libinit2.o(.ARM.Collect$$libinit$$00000017)
    __rt_lib_init_lc_numeric_2               0x08000205   Thumb Code     0  libinit2.o(.ARM.Collect$$libinit$$00000018)
    __rt_lib_init_alloca_1                   0x0800020f   Thumb Code     0  libinit2.o(.ARM.Collect$$libinit$$00000030)
    __rt_lib_init_argv_1                     0x0800020f   Thumb Code     0  libinit2.o(.ARM.Collect$$libinit$$0000002E)
    __rt_lib_init_atexit_1                   0x0800020f   Thumb Code     0  libinit2.o(.ARM.Collect$$libinit$$0000001D)
    __rt_lib_init_clock_1                    0x0800020f   Thumb Code     0  libinit2.o(.ARM.Collect$$libinit$$00000023)
    __rt_lib_init_cpp_1                      0x0800020f   Thumb Code     0  libinit2.o(.ARM.Collect$$libinit$$00000034)
    __rt_lib_init_exceptions_1               0x0800020f   Thumb Code     0  libinit2.o(.ARM.Collect$$libinit$$00000032)
    __rt_lib_init_fp_trap_1                  0x0800020f   Thumb Code     0  libinit2.o(.ARM.Collect$$libinit$$00000021)
    __rt_lib_init_getenv_1                   0x0800020f   Thumb Code     0  libinit2.o(.ARM.Collect$$libinit$$00000025)
    __rt_lib_init_lc_numeric_1               0x0800020f   Thumb Code     0  libinit2.o(.ARM.Collect$$libinit$$00000019)
    __rt_lib_init_lc_time_1                  0x0800020f   Thumb Code     0  libinit2.o(.ARM.Collect$$libinit$$0000001B)
    __rt_lib_init_return                     0x0800020f   Thumb Code     0  libinit2.o(.ARM.Collect$$libinit$$00000035)
    __rt_lib_init_signal_1                   0x0800020f   Thumb Code     0  libinit2.o(.ARM.Collect$$libinit$$0000001F)
    __rt_lib_init_stdio_1                    0x0800020f   Thumb Code     0  libinit2.o(.ARM.Collect$$libinit$$00000027)
    __rt_lib_shutdown                        0x08000211   Thumb Code     0  libshutdown.o(.ARM.Collect$$libshutdown$$00000000)
    __rt_lib_shutdown_cpp_1                  0x08000213   Thumb Code     0  libshutdown2.o(.ARM.Collect$$libshutdown$$00000002)
    __rt_lib_shutdown_fp_trap_1              0x08000213   Thumb Code     0  libshutdown2.o(.ARM.Collect$$libshutdown$$00000007)
    __rt_lib_shutdown_heap_1                 0x08000213   Thumb Code     0  libshutdown2.o(.ARM.Collect$$libshutdown$$0000000F)
    __rt_lib_shutdown_return                 0x08000213   Thumb Code     0  libshutdown2.o(.ARM.Collect$$libshutdown$$00000010)
    __rt_lib_shutdown_signal_1               0x08000213   Thumb Code     0  libshutdown2.o(.ARM.Collect$$libshutdown$$0000000A)
    __rt_lib_shutdown_stdio_1                0x08000213   Thumb Code     0  libshutdown2.o(.ARM.Collect$$libshutdown$$00000004)
    __rt_lib_shutdown_user_alloc_1           0x08000213   Thumb Code     0  libshutdown2.o(.ARM.Collect$$libshutdown$$0000000C)
    __rt_entry                               0x08000215   Thumb Code     0  __rtentry.o(.ARM.Collect$$rtentry$$00000000)
    __rt_entry_presh_1                       0x08000215   Thumb Code     0  __rtentry2.o(.ARM.Collect$$rtentry$$00000002)
    __rt_entry_sh                            0x08000215   Thumb Code     0  __rtentry4.o(.ARM.Collect$$rtentry$$00000004)
    __rt_entry_li                            0x0800021b   Thumb Code     0  __rtentry2.o(.ARM.Collect$$rtentry$$0000000A)
    __rt_entry_postsh_1                      0x0800021b   Thumb Code     0  __rtentry2.o(.ARM.Collect$$rtentry$$00000009)
    __rt_entry_main                          0x0800021f   Thumb Code     0  __rtentry2.o(.ARM.Collect$$rtentry$$0000000D)
    __rt_entry_postli_1                      0x0800021f   Thumb Code     0  __rtentry2.o(.ARM.Collect$$rtentry$$0000000C)
    __rt_exit                                0x08000227   Thumb Code     0  rtexit.o(.ARM.Collect$$rtexit$$00000000)
    __rt_exit_ls                             0x08000229   Thumb Code     0  rtexit2.o(.ARM.Collect$$rtexit$$00000003)
    __rt_exit_prels_1                        0x08000229   Thumb Code     0  rtexit2.o(.ARM.Collect$$rtexit$$00000002)
    __rt_exit_exit                           0x0800022d   Thumb Code     0  rtexit2.o(.ARM.Collect$$rtexit$$00000004)
    Reset_Handler                            0x08000235   Thumb Code     8  startup_stm32f10x_md.o(.text)
    NMI_Handler                              0x0800023d   Thumb Code     2  startup_stm32f10x_md.o(.text)
    HardFault_Handler                        0x0800023f   Thumb Code     2  startup_stm32f10x_md.o(.text)
    MemManage_Handler                        0x08000241   Thumb Code     2  startup_stm32f10x_md.o(.text)
    BusFault_Handler                         0x08000243   Thumb Code     2  startup_stm32f10x_md.o(.text)
    UsageFault_Handler                       0x08000245   Thumb Code     2  startup_stm32f10x_md.o(.text)
    SVC_Handler                              0x08000247   Thumb Code     2  startup_stm32f10x_md.o(.text)
    DebugMon_Handler                         0x08000249   Thumb Code     2  startup_stm32f10x_md.o(.text)
    PendSV_Handler                           0x0800024b   Thumb Code     2  startup_stm32f10x_md.o(.text)
    ADC1_2_IRQHandler                        0x0800024f   Thumb Code     0  startup_stm32f10x_md.o(.text)
    CAN1_RX1_IRQHandler                      0x0800024f   Thumb Code     0  startup_stm32f10x_md.o(.text)
    CAN1_SCE_IRQHandler                      0x0800024f   Thumb Code     0  startup_stm32f10x_md.o(.text)
    DMA1_Channel1_IRQHandler                 0x0800024f   Thumb Code     0  startup_stm32f10x_md.o(.text)
    DMA1_Channel2_IRQHandler                 0x0800024f   Thumb Code     0  startup_stm32f10x_md.o(.text)
    DMA1_Channel3_IRQHandler                 0x0800024f   Thumb Code     0  startup_stm32f10x_md.o(.text)
    DMA1_Channel4_IRQHandler                 0x0800024f   Thumb Code     0  startup_stm32f10x_md.o(.text)
    DMA1_Channel5_IRQHandler                 0x0800024f   Thumb Code     0  startup_stm32f10x_md.o(.text)
    DMA1_Channel6_IRQHandler                 0x0800024f   Thumb Code     0  startup_stm32f10x_md.o(.text)
    DMA1_Channel7_IRQHandler                 0x0800024f   Thumb Code     0  startup_stm32f10x_md.o(.text)
    EXTI0_IRQHandler                         0x0800024f   Thumb Code     0  startup_stm32f10x_md.o(.text)
    EXTI15_10_IRQHandler                     0x0800024f   Thumb Code     0  startup_stm32f10x_md.o(.text)
    EXTI1_IRQHandler                         0x0800024f   Thumb Code     0  startup_stm32f10x_md.o(.text)
    EXTI2_IRQHandler                         0x0800024f   Thumb Code     0  startup_stm32f10x_md.o(.text)
    EXTI3_IRQHandler                         0x0800024f   Thumb Code     0  startup_stm32f10x_md.o(.text)
    EXTI4_IRQHandler                         0x0800024f   Thumb Code     0  startup_stm32f10x_md.o(.text)
    FLASH_IRQHandler                         0x0800024f   Thumb Code     0  startup_stm32f10x_md.o(.text)
    I2C1_ER_IRQHandler                       0x0800024f   Thumb Code     0  startup_stm32f10x_md.o(.text)
    I2C1_EV_IRQHandler                       0x0800024f   Thumb Code     0  startup_stm32f10x_md.o(.text)
    I2C2_ER_IRQHandler                       0x0800024f   Thumb Code     0  startup_stm32f10x_md.o(.text)
    I2C2_EV_IRQHandler                       0x0800024f   Thumb Code     0  startup_stm32f10x_md.o(.text)
    PVD_IRQHandler                           0x0800024f   Thumb Code     0  startup_stm32f10x_md.o(.text)
    RCC_IRQHandler                           0x0800024f   Thumb Code     0  startup_stm32f10x_md.o(.text)
    RTCAlarm_IRQHandler                      0x0800024f   Thumb Code     0  startup_stm32f10x_md.o(.text)
    RTC_IRQHandler                           0x0800024f   Thumb Code     0  startup_stm32f10x_md.o(.text)
    SPI1_IRQHandler                          0x0800024f   Thumb Code     0  startup_stm32f10x_md.o(.text)
    SPI2_IRQHandler                          0x0800024f   Thumb Code     0  startup_stm32f10x_md.o(.text)
    TAMPER_IRQHandler                        0x0800024f   Thumb Code     0  startup_stm32f10x_md.o(.text)
    TIM1_BRK_IRQHandler                      0x0800024f   Thumb Code     0  startup_stm32f10x_md.o(.text)
    TIM1_CC_IRQHandler                       0x0800024f   Thumb Code     0  startup_stm32f10x_md.o(.text)
    TIM1_TRG_COM_IRQHandler                  0x0800024f   Thumb Code     0  startup_stm32f10x_md.o(.text)
    TIM1_UP_IRQHandler                       0x0800024f   Thumb Code     0  startup_stm32f10x_md.o(.text)
    TIM3_IRQHandler                          0x0800024f   Thumb Code     0  startup_stm32f10x_md.o(.text)
    TIM4_IRQHandler                          0x0800024f   Thumb Code     0  startup_stm32f10x_md.o(.text)
    USART1_IRQHandler                        0x0800024f   Thumb Code     0  startup_stm32f10x_md.o(.text)
    USART2_IRQHandler                        0x0800024f   Thumb Code     0  startup_stm32f10x_md.o(.text)
    USART3_IRQHandler                        0x0800024f   Thumb Code     0  startup_stm32f10x_md.o(.text)
    USBWakeUp_IRQHandler                     0x0800024f   Thumb Code     0  startup_stm32f10x_md.o(.text)
    USB_HP_CAN1_TX_IRQHandler                0x0800024f   Thumb Code     0  startup_stm32f10x_md.o(.text)
    USB_LP_CAN1_RX0_IRQHandler               0x0800024f   Thumb Code     0  startup_stm32f10x_md.o(.text)
    WWDG_IRQHandler                          0x0800024f   Thumb Code     0  startup_stm32f10x_md.o(.text)
    __user_initial_stackheap                 0x08000251   Thumb Code     0  startup_stm32f10x_md.o(.text)
    sprintf                                  0x08000275   Thumb Code    38  sprintf.o(.text)
    __use_two_region_memory                  0x080002a1   Thumb Code     2  heapauxi.o(.text)
    __rt_heap_escrow$2region                 0x080002a3   Thumb Code     2  heapauxi.o(.text)
    __rt_heap_expand$2region                 0x080002a5   Thumb Code     2  heapauxi.o(.text)
    __read_errno                             0x080002a7   Thumb Code    10  _rserrno.o(.text)
    __set_errno                              0x080002b1   Thumb Code    12  _rserrno.o(.text)
    _printf_pre_padding                      0x080002bd   Thumb Code    44  _printf_pad.o(.text)
    _printf_post_padding                     0x080002e9   Thumb Code    34  _printf_pad.o(.text)
    _printf_truncate_signed                  0x0800030b   Thumb Code    18  _printf_truncate.o(.text)
    _printf_truncate_unsigned                0x0800031d   Thumb Code    18  _printf_truncate.o(.text)
    _printf_str                              0x0800032f   Thumb Code    82  _printf_str.o(.text)
    _printf_int_dec                          0x08000381   Thumb Code   104  _printf_dec.o(.text)
    _printf_charcount                        0x080003f9   Thumb Code    40  _printf_charcount.o(.text)
    _printf_char_common                      0x0800042b   Thumb Code    32  _printf_char_common.o(.text)
    _sputc                                   0x08000451   Thumb Code    10  _sputc.o(.text)
    _printf_wctomb                           0x0800045d   Thumb Code   182  _printf_wctomb.o(.text)
    _printf_longlong_dec                     0x08000519   Thumb Code   108  _printf_longlong_dec.o(.text)
    _printf_longlong_oct                     0x08000595   Thumb Code    68  _printf_oct_int_ll.o(.text)
    _printf_int_oct                          0x080005d9   Thumb Code    24  _printf_oct_int_ll.o(.text)
    _printf_ll_oct                           0x080005f1   Thumb Code    12  _printf_oct_int_ll.o(.text)
    _printf_longlong_hex                     0x08000605   Thumb Code    86  _printf_hex_int_ll_ptr.o(.text)
    _printf_int_hex                          0x0800065b   Thumb Code    28  _printf_hex_int_ll_ptr.o(.text)
    _printf_ll_hex                           0x08000677   Thumb Code    12  _printf_hex_int_ll_ptr.o(.text)
    _printf_hex_ptr                          0x08000683   Thumb Code    18  _printf_hex_int_ll_ptr.o(.text)
    __printf                                 0x08000699   Thumb Code   388  __printf_flags_ss_wp.o(.text)
    __aeabi_errno_addr                       0x08000821   Thumb Code     8  rt_errno_addr_intlibspace.o(.text)
    __errno$intlibspace                      0x08000821   Thumb Code     0  rt_errno_addr_intlibspace.o(.text)
    __rt_errno_addr$intlibspace              0x08000821   Thumb Code     0  rt_errno_addr_intlibspace.o(.text)
    _ll_udiv10                               0x08000829   Thumb Code   138  lludiv10.o(.text)
    _printf_int_common                       0x080008b3   Thumb Code   178  _printf_intcommon.o(.text)
    _printf_fp_dec_real                      0x08000b15   Thumb Code   620  _printf_fp_dec.o(.text)
    _printf_fp_hex_real                      0x08000d81   Thumb Code   756  _printf_fp_hex.o(.text)
    _printf_cs_common                        0x0800107d   Thumb Code    20  _printf_char.o(.text)
    _printf_char                             0x08001091   Thumb Code    16  _printf_char.o(.text)
    _printf_string                           0x080010a1   Thumb Code     8  _printf_char.o(.text)
    _printf_lcs_common                       0x080010a9   Thumb Code    20  _printf_wchar.o(.text)
    _printf_wchar                            0x080010bd   Thumb Code    16  _printf_wchar.o(.text)
    _printf_wstring                          0x080010cd   Thumb Code     8  _printf_wchar.o(.text)
    _c16rtomb                                0x080010d5   Thumb Code    72  _c16rtomb.o(.text)
    _wcrtomb                                 0x080010d5   Thumb Code     0  _c16rtomb.o(.text)
    __user_libspace                          0x0800111d   Thumb Code     8  libspace.o(.text)
    __user_perproc_libspace                  0x0800111d   Thumb Code     0  libspace.o(.text)
    __user_perthread_libspace                0x0800111d   Thumb Code     0  libspace.o(.text)
    __user_setup_stackheap                   0x08001125   Thumb Code    74  sys_stackheap_outer.o(.text)
    __rt_ctype_table                         0x08001171   Thumb Code    16  rt_ctype_table.o(.text)
    __rt_locale                              0x08001181   Thumb Code     8  rt_locale_intlibspace.o(.text)
    _printf_fp_infnan                        0x08001189   Thumb Code   112  _printf_fp_infnan.o(.text)
    _btod_etento                             0x08001209   Thumb Code   224  bigflt0.o(.text)
    exit                                     0x080012ed   Thumb Code    18  exit.o(.text)
    strcmp                                   0x08001301   Thumb Code   128  strcmpv7m.o(.text)
    _sys_exit                                0x08001381   Thumb Code     8  sys_exit.o(.text)
    __I$use$semihosting                      0x0800138d   Thumb Code     0  use_no_semi.o(.text)
    __use_no_semihosting_swi                 0x0800138d   Thumb Code     2  use_no_semi.o(.text)
    __semihosting_library_function           0x0800138f   Thumb Code     0  indicate_semi.o(.text)
    EXTI9_5_IRQHandler                       0x08001391   Thumb Code   230  main.o(.text.EXTI9_5_IRQHandler)
    GPIO_Config                              0x08001479   Thumb Code   238  gpio.o(.text.GPIO_Config)
    I2C1_Init                                0x08001569   Thumb Code   120  i2c.o(.text.I2C1_Init)
    I2C_AcknowledgeConfig                    0x080015e1   Thumb Code    44  stm32f10x_i2c.o(.text.I2C_AcknowledgeConfig)
    I2C_CheckEvent                           0x0800160d   Thumb Code    84  stm32f10x_i2c.o(.text.I2C_CheckEvent)
    I2C_Cmd                                  0x08001661   Thumb Code    44  stm32f10x_i2c.o(.text.I2C_Cmd)
    I2C_GenerateSTART                        0x0800168d   Thumb Code    44  stm32f10x_i2c.o(.text.I2C_GenerateSTART)
    I2C_GenerateSTOP                         0x080016b9   Thumb Code    44  stm32f10x_i2c.o(.text.I2C_GenerateSTOP)
    I2C_GetFlagStatus                        0x080016e5   Thumb Code    98  stm32f10x_i2c.o(.text.I2C_GetFlagStatus)
    I2C_Init                                 0x08001749   Thumb Code   426  stm32f10x_i2c.o(.text.I2C_Init)
    I2C_Read                                 0x080018f5   Thumb Code   396  i2c.o(.text.I2C_Read)
    I2C_ReceiveData                          0x08001a81   Thumb Code    14  stm32f10x_i2c.o(.text.I2C_ReceiveData)
    I2C_Send7bitAddress                      0x08001a91   Thumb Code    60  stm32f10x_i2c.o(.text.I2C_Send7bitAddress)
    I2C_SendData                             0x08001acd   Thumb Code    20  stm32f10x_i2c.o(.text.I2C_SendData)
    I2C_Write                                0x08001ae1   Thumb Code   180  i2c.o(.text.I2C_Write)
    I2C_Write_To_Reg                         0x08001b95   Thumb Code   226  i2c.o(.text.I2C_Write_To_Reg)
    Init                                     0x08001c79   Thumb Code    78  main.o(.text.Init)
    LCD_1602A_ClearScrean                    0x08001cc9   Thumb Code    18  lcd.o(.text.LCD_1602A_ClearScrean)
    LCD_1602A_Init                           0x08001cdd   Thumb Code   102  lcd.o(.text.LCD_1602A_Init)
    LCD_1602A_SetCursor                      0x08001d45   Thumb Code    76  lcd.o(.text.LCD_1602A_SetCursor)
    LCD_1602A_WriteChar                      0x08001d91   Thumb Code   164  lcd.o(.text.LCD_1602A_WriteChar)
    LCD_1602A_WriteString                    0x08001e35   Thumb Code    36  lcd.o(.text.LCD_1602A_WriteString)
    MPU6050_init                             0x08001e59   Thumb Code   104  mpu6050.o(.text.MPU6050_init)
    MPU_Read                                 0x08001ec1   Thumb Code    40  mpu6050.o(.text.MPU_Read)
    MPU_Write                                0x08001ee9   Thumb Code    36  mpu6050.o(.text.MPU_Write)
    MPU_read_Acc_total                       0x08001f0d   Thumb Code   190  mpu6050.o(.text.MPU_read_Acc_total)
    MPU_read_accX                            0x08001fcd   Thumb Code    42  mpu6050.o(.text.MPU_read_accX)
    MPU_read_accY                            0x08001ff9   Thumb Code    42  mpu6050.o(.text.MPU_read_accY)
    MPU_read_accZ                            0x08002025   Thumb Code    42  mpu6050.o(.text.MPU_read_accZ)
    RCC_GetClocksFreq                        0x08002051   Thumb Code   370  stm32f10x_rcc.o(.text.RCC_GetClocksFreq)
    SysTick_Handler                          0x080022f1   Thumb Code    24  systick.o(.text.SysTick_Handler)
    SysTick_Init                             0x08002309   Thumb Code    90  systick.o(.text.SysTick_Init)
    SystemInit                               0x08002365   Thumb Code   102  system_stm32f10x.o(.text.SystemInit)
    TIM2_Config                              0x080023cd   Thumb Code   104  timer.o(.text.TIM2_Config)
    TIM2_IRQHandler                          0x08002435   Thumb Code   210  timer.o(.text.TIM2_IRQHandler)
    hal_GetTick                              0x08002665   Thumb Code    12  systick.o(.text.hal_GetTick)
    hal_IncTick                              0x08002671   Thumb Code    16  systick.o(.text.hal_IncTick)
    hal_delay                                0x08002681   Thumb Code    40  systick.o(.text.hal_delay)
    main                                     0x080026a9   Thumb Code    16  main.o(.text.main)
    peakDetection                            0x080026b9   Thumb Code   162  timer.o(.text.peakDetection)
    _btod_d2e                                0x0800275b   Thumb Code    62  btod.o(CL$$btod_d2e)
    _d2e_denorm_low                          0x08002799   Thumb Code    70  btod.o(CL$$btod_d2e_denorm_low)
    _d2e_norm_op1                            0x080027df   Thumb Code    96  btod.o(CL$$btod_d2e_norm_op1)
    __btod_div_common                        0x08002841   Thumb Code   696  btod.o(CL$$btod_div_common)
    _e2e                                     0x08002b79   Thumb Code   220  btod.o(CL$$btod_e2e)
    _btod_ediv                               0x08002c55   Thumb Code    42  btod.o(CL$$btod_ediv)
    _btod_emul                               0x08002c7f   Thumb Code    42  btod.o(CL$$btod_emul)
    __btod_mult_common                       0x08002ca9   Thumb Code   580  btod.o(CL$$btod_mult_common)
    __ARM_fpclassify                         0x08002eed   Thumb Code    40  fpclassify.o(i.__ARM_fpclassify)
    _is_digit                                0x08002f15   Thumb Code    14  __printf_wp.o(i._is_digit)
    sqrt                                     0x08002f23   Thumb Code    76  sqrt.o(i.sqrt)
    _get_lc_numeric                          0x08002f71   Thumb Code    44  lc_numeric_c.o(locale$$code)
    _get_lc_ctype                            0x08002f9d   Thumb Code    44  lc_ctype_c.o(locale$$code)
    __aeabi_d2f                              0x08002fc9   Thumb Code     0  d2f.o(x$fpl$d2f)
    _d2f                                     0x08002fc9   Thumb Code    98  d2f.o(x$fpl$d2f)
    __aeabi_dadd                             0x0800302d   Thumb Code     0  daddsub_clz.o(x$fpl$dadd)
    _dadd                                    0x0800302d   Thumb Code   332  daddsub_clz.o(x$fpl$dadd)
    __fpl_dcmp_Inf                           0x0800317d   Thumb Code    24  dcmpi.o(x$fpl$dcmpinf)
    __aeabi_ddiv                             0x08003195   Thumb Code     0  ddiv.o(x$fpl$ddiv)
    _ddiv                                    0x08003195   Thumb Code   556  ddiv.o(x$fpl$ddiv)
    __aeabi_cdcmpeq                          0x08003449   Thumb Code     0  deqf.o(x$fpl$deqf)
    _dcmpeq                                  0x08003449   Thumb Code   120  deqf.o(x$fpl$deqf)
    __aeabi_i2d                              0x080034c1   Thumb Code     0  dflt_clz.o(x$fpl$dflt)
    _dflt                                    0x080034c1   Thumb Code    46  dflt_clz.o(x$fpl$dflt)
    __aeabi_cdcmpge                          0x080034f1   Thumb Code     0  dgeqf.o(x$fpl$dgeqf)
    _dcmpge                                  0x080034f1   Thumb Code   120  dgeqf.o(x$fpl$dgeqf)
    __aeabi_cdcmple                          0x08003569   Thumb Code     0  dleqf.o(x$fpl$dleqf)
    _dcmple                                  0x08003569   Thumb Code   120  dleqf.o(x$fpl$dleqf)
    __fpl_dcmple_InfNaN                      0x080035cb   Thumb Code     0  dleqf.o(x$fpl$dleqf)
    __fpl_dnaninf                            0x080035e1   Thumb Code   156  dnaninf.o(x$fpl$dnaninf)
    __fpl_dretinf                            0x0800367d   Thumb Code    12  dretinf.o(x$fpl$dretinf)
    _dsqrt                                   0x08003689   Thumb Code   456  dsqrt_noumaal.o(x$fpl$dsqrt)
    __aeabi_dsub                             0x08003855   Thumb Code     0  daddsub_clz.o(x$fpl$dsub)
    _dsub                                    0x08003855   Thumb Code   472  daddsub_clz.o(x$fpl$dsub)
    __aeabi_f2d                              0x08003a31   Thumb Code     0  f2d.o(x$fpl$f2d)
    _f2d                                     0x08003a31   Thumb Code    86  f2d.o(x$fpl$f2d)
    __aeabi_dcmpeq                           0x08003a87   Thumb Code     0  dcmp.o(x$fpl$fcmp)
    _deq                                     0x08003a87   Thumb Code    14  dcmp.o(x$fpl$fcmp)
    _dneq                                    0x08003a95   Thumb Code    14  dcmp.o(x$fpl$fcmp)
    __aeabi_dcmpgt                           0x08003aa3   Thumb Code     0  dcmp.o(x$fpl$fcmp)
    _dgr                                     0x08003aa3   Thumb Code    14  dcmp.o(x$fpl$fcmp)
    __aeabi_dcmpge                           0x08003ab1   Thumb Code     0  dcmp.o(x$fpl$fcmp)
    _dgeq                                    0x08003ab1   Thumb Code    14  dcmp.o(x$fpl$fcmp)
    __aeabi_dcmple                           0x08003abf   Thumb Code     0  dcmp.o(x$fpl$fcmp)
    _dleq                                    0x08003abf   Thumb Code    14  dcmp.o(x$fpl$fcmp)
    __aeabi_dcmplt                           0x08003acd   Thumb Code     0  dcmp.o(x$fpl$fcmp)
    _dls                                     0x08003acd   Thumb Code    14  dcmp.o(x$fpl$fcmp)
    __fpl_fnaninf                            0x08003adb   Thumb Code   140  fnaninf.o(x$fpl$fnaninf)
    __fpl_fretinf                            0x08003b67   Thumb Code    10  fretinf.o(x$fpl$fretinf)
    _printf_fp_dec                           0x08003b71   Thumb Code     4  printf1.o(x$fpl$printf1)
    _printf_fp_hex                           0x08003b75   Thumb Code     4  printf2.o(x$fpl$printf2)
    __I$use$fp                               0x08003b78   Number         0  usenofp.o(x$fpl$usenofp)
    Region$$Table$$Base                      0x08003c9c   Number         0  anon$$obj.o(Region$$Table)
    Region$$Table$$Limit                     0x08003cbc   Number         0  anon$$obj.o(Region$$Table)
    __ctype                                  0x08003ce5   Data           0  lc_ctype_c.o(locale$$data)
    SystemCoreClock                          0x20000000   Data           4  system_stm32f10x.o(.data.SystemCoreClock)
    __libspace_start                         0x20000008   Data          96  libspace.o(.bss)
    MPU6050_accX                             0x20000068   Data           2  mpu6050.o(.bss.MPU6050_accX)
    __temporary_stack_top$libspace           0x20000068   Data           0  libspace.o(.bss)
    MPU6050_accY                             0x2000006a   Data           2  mpu6050.o(.bss.MPU6050_accY)
    MPU6050_accZ                             0x2000006c   Data           2  mpu6050.o(.bss.MPU6050_accZ)
    blink                                    0x2000006e   Data           1  timer.o(.bss.blink)
    mode                                     0x2000006f   Data           1  main.o(.bss.mode)
    msTick                                   0x20000070   Data           4  systick.o(.bss.msTick)
    step_count                               0x20000074   Data           4  main.o(.bss.step_count)



==============================================================================

Memory Map of the image

  Image Entry point : 0x08000235

  Load Region LR_1 (Base: 0x08000000, Size: 0x00003dec, Max: 0xffffffff, ABSOLUTE)

    Execution Region ER_RO (Exec base: 0x08000000, Load base: 0x08000000, Size: 0x00003de8, Max: 0xffffffff, ABSOLUTE)

    Exec Addr    Load Addr    Size         Type   Attr      Idx    E Section Name        Object

    0x08000000   0x08000000   0x000000ec   Data   RO          296    RESET               startup_stm32f10x_md.o
    0x080000ec   0x080000ec   0x00000008   Code   RO          326  * !!!main             c_w.l(__main.o)
    0x080000f4   0x080000f4   0x00000034   Code   RO          714    !!!scatter          c_w.l(__scatter.o)
    0x08000128   0x08000128   0x0000001a   Code   RO          716    !!handler_copy      c_w.l(__scatter_copy.o)
    0x08000142   0x08000142   0x00000002   PAD
    0x08000144   0x08000144   0x0000001c   Code   RO          718    !!handler_zi        c_w.l(__scatter_zi.o)
    0x08000160   0x08000160   0x00000000   Code   RO          438    .ARM.Collect$$_printf_percent$$00000000  c_w.l(_printf_percent.o)
    0x08000160   0x08000160   0x00000006   Code   RO          427    .ARM.Collect$$_printf_percent$$00000001  c_w.l(_printf_n.o)
    0x08000166   0x08000166   0x00000006   Code   RO          429    .ARM.Collect$$_printf_percent$$00000002  c_w.l(_printf_p.o)
    0x0800016c   0x0800016c   0x00000006   Code   RO          434    .ARM.Collect$$_printf_percent$$00000003  c_w.l(_printf_f.o)
    0x08000172   0x08000172   0x00000006   Code   RO          435    .ARM.Collect$$_printf_percent$$00000004  c_w.l(_printf_e.o)
    0x08000178   0x08000178   0x00000006   Code   RO          436    .ARM.Collect$$_printf_percent$$00000005  c_w.l(_printf_g.o)
    0x0800017e   0x0800017e   0x00000006   Code   RO          437    .ARM.Collect$$_printf_percent$$00000006  c_w.l(_printf_a.o)
    0x08000184   0x08000184   0x0000000a   Code   RO          442    .ARM.Collect$$_printf_percent$$00000007  c_w.l(_printf_ll.o)
    0x0800018e   0x0800018e   0x00000006   Code   RO          431    .ARM.Collect$$_printf_percent$$00000008  c_w.l(_printf_i.o)
    0x08000194   0x08000194   0x00000006   Code   RO          432    .ARM.Collect$$_printf_percent$$00000009  c_w.l(_printf_d.o)
    0x0800019a   0x0800019a   0x00000006   Code   RO          433    .ARM.Collect$$_printf_percent$$0000000A  c_w.l(_printf_u.o)
    0x080001a0   0x080001a0   0x00000006   Code   RO          430    .ARM.Collect$$_printf_percent$$0000000B  c_w.l(_printf_o.o)
    0x080001a6   0x080001a6   0x00000006   Code   RO          428    .ARM.Collect$$_printf_percent$$0000000C  c_w.l(_printf_x.o)
    0x080001ac   0x080001ac   0x00000006   Code   RO          439    .ARM.Collect$$_printf_percent$$0000000D  c_w.l(_printf_lli.o)
    0x080001b2   0x080001b2   0x00000006   Code   RO          440    .ARM.Collect$$_printf_percent$$0000000E  c_w.l(_printf_lld.o)
    0x080001b8   0x080001b8   0x00000006   Code   RO          441    .ARM.Collect$$_printf_percent$$0000000F  c_w.l(_printf_llu.o)
    0x080001be   0x080001be   0x00000006   Code   RO          446    .ARM.Collect$$_printf_percent$$00000010  c_w.l(_printf_llo.o)
    0x080001c4   0x080001c4   0x00000006   Code   RO          447    .ARM.Collect$$_printf_percent$$00000011  c_w.l(_printf_llx.o)
    0x080001ca   0x080001ca   0x0000000a   Code   RO          443    .ARM.Collect$$_printf_percent$$00000012  c_w.l(_printf_l.o)
    0x080001d4   0x080001d4   0x00000006   Code   RO          425    .ARM.Collect$$_printf_percent$$00000013  c_w.l(_printf_c.o)
    0x080001da   0x080001da   0x00000006   Code   RO          426    .ARM.Collect$$_printf_percent$$00000014  c_w.l(_printf_s.o)
    0x080001e0   0x080001e0   0x00000006   Code   RO          444    .ARM.Collect$$_printf_percent$$00000015  c_w.l(_printf_lc.o)
    0x080001e6   0x080001e6   0x00000006   Code   RO          445    .ARM.Collect$$_printf_percent$$00000016  c_w.l(_printf_ls.o)
    0x080001ec   0x080001ec   0x00000004   Code   RO          510    .ARM.Collect$$_printf_percent$$00000017  c_w.l(_printf_percent_end.o)
    0x080001f0   0x080001f0   0x00000002   Code   RO          566    .ARM.Collect$$libinit$$00000000  c_w.l(libinit.o)
    0x080001f2   0x080001f2   0x00000000   Code   RO          581    .ARM.Collect$$libinit$$00000002  c_w.l(libinit2.o)
    0x080001f2   0x080001f2   0x00000000   Code   RO          583    .ARM.Collect$$libinit$$00000004  c_w.l(libinit2.o)
    0x080001f2   0x080001f2   0x00000000   Code   RO          585    .ARM.Collect$$libinit$$00000006  c_w.l(libinit2.o)
    0x080001f2   0x080001f2   0x00000000   Code   RO          588    .ARM.Collect$$libinit$$0000000C  c_w.l(libinit2.o)
    0x080001f2   0x080001f2   0x00000000   Code   RO          590    .ARM.Collect$$libinit$$0000000E  c_w.l(libinit2.o)
    0x080001f2   0x080001f2   0x00000000   Code   RO          592    .ARM.Collect$$libinit$$00000010  c_w.l(libinit2.o)
    0x080001f2   0x080001f2   0x00000006   Code   RO          593    .ARM.Collect$$libinit$$00000011  c_w.l(libinit2.o)
    0x080001f8   0x080001f8   0x00000000   Code   RO          595    .ARM.Collect$$libinit$$00000013  c_w.l(libinit2.o)
    0x080001f8   0x080001f8   0x0000000c   Code   RO          596    .ARM.Collect$$libinit$$00000014  c_w.l(libinit2.o)
    0x08000204   0x08000204   0x00000000   Code   RO          597    .ARM.Collect$$libinit$$00000015  c_w.l(libinit2.o)
    0x08000204   0x08000204   0x00000000   Code   RO          599    .ARM.Collect$$libinit$$00000017  c_w.l(libinit2.o)
    0x08000204   0x08000204   0x0000000a   Code   RO          600    .ARM.Collect$$libinit$$00000018  c_w.l(libinit2.o)
    0x0800020e   0x0800020e   0x00000000   Code   RO          601    .ARM.Collect$$libinit$$00000019  c_w.l(libinit2.o)
    0x0800020e   0x0800020e   0x00000000   Code   RO          603    .ARM.Collect$$libinit$$0000001B  c_w.l(libinit2.o)
    0x0800020e   0x0800020e   0x00000000   Code   RO          605    .ARM.Collect$$libinit$$0000001D  c_w.l(libinit2.o)
    0x0800020e   0x0800020e   0x00000000   Code   RO          607    .ARM.Collect$$libinit$$0000001F  c_w.l(libinit2.o)
    0x0800020e   0x0800020e   0x00000000   Code   RO          609    .ARM.Collect$$libinit$$00000021  c_w.l(libinit2.o)
    0x0800020e   0x0800020e   0x00000000   Code   RO          611    .ARM.Collect$$libinit$$00000023  c_w.l(libinit2.o)
    0x0800020e   0x0800020e   0x00000000   Code   RO          613    .ARM.Collect$$libinit$$00000025  c_w.l(libinit2.o)
    0x0800020e   0x0800020e   0x00000000   Code   RO          615    .ARM.Collect$$libinit$$00000027  c_w.l(libinit2.o)
    0x0800020e   0x0800020e   0x00000000   Code   RO          619    .ARM.Collect$$libinit$$0000002E  c_w.l(libinit2.o)
    0x0800020e   0x0800020e   0x00000000   Code   RO          621    .ARM.Collect$$libinit$$00000030  c_w.l(libinit2.o)
    0x0800020e   0x0800020e   0x00000000   Code   RO          623    .ARM.Collect$$libinit$$00000032  c_w.l(libinit2.o)
    0x0800020e   0x0800020e   0x00000000   Code   RO          625    .ARM.Collect$$libinit$$00000034  c_w.l(libinit2.o)
    0x0800020e   0x0800020e   0x00000002   Code   RO          626    .ARM.Collect$$libinit$$00000035  c_w.l(libinit2.o)
    0x08000210   0x08000210   0x00000002   Code   RO          650    .ARM.Collect$$libshutdown$$00000000  c_w.l(libshutdown.o)
    0x08000212   0x08000212   0x00000000   Code   RO          665    .ARM.Collect$$libshutdown$$00000002  c_w.l(libshutdown2.o)
    0x08000212   0x08000212   0x00000000   Code   RO          667    .ARM.Collect$$libshutdown$$00000004  c_w.l(libshutdown2.o)
    0x08000212   0x08000212   0x00000000   Code   RO          670    .ARM.Collect$$libshutdown$$00000007  c_w.l(libshutdown2.o)
    0x08000212   0x08000212   0x00000000   Code   RO          673    .ARM.Collect$$libshutdown$$0000000A  c_w.l(libshutdown2.o)
    0x08000212   0x08000212   0x00000000   Code   RO          675    .ARM.Collect$$libshutdown$$0000000C  c_w.l(libshutdown2.o)
    0x08000212   0x08000212   0x00000000   Code   RO          678    .ARM.Collect$$libshutdown$$0000000F  c_w.l(libshutdown2.o)
    0x08000212   0x08000212   0x00000002   Code   RO          679    .ARM.Collect$$libshutdown$$00000010  c_w.l(libshutdown2.o)
    0x08000214   0x08000214   0x00000000   Code   RO          354    .ARM.Collect$$rtentry$$00000000  c_w.l(__rtentry.o)
    0x08000214   0x08000214   0x00000000   Code   RO          474    .ARM.Collect$$rtentry$$00000002  c_w.l(__rtentry2.o)
    0x08000214   0x08000214   0x00000006   Code   RO          486    .ARM.Collect$$rtentry$$00000004  c_w.l(__rtentry4.o)
    0x0800021a   0x0800021a   0x00000000   Code   RO          476    .ARM.Collect$$rtentry$$00000009  c_w.l(__rtentry2.o)
    0x0800021a   0x0800021a   0x00000004   Code   RO          477    .ARM.Collect$$rtentry$$0000000A  c_w.l(__rtentry2.o)
    0x0800021e   0x0800021e   0x00000000   Code   RO          479    .ARM.Collect$$rtentry$$0000000C  c_w.l(__rtentry2.o)
    0x0800021e   0x0800021e   0x00000008   Code   RO          480    .ARM.Collect$$rtentry$$0000000D  c_w.l(__rtentry2.o)
    0x08000226   0x08000226   0x00000002   Code   RO          571    .ARM.Collect$$rtexit$$00000000  c_w.l(rtexit.o)
    0x08000228   0x08000228   0x00000000   Code   RO          628    .ARM.Collect$$rtexit$$00000002  c_w.l(rtexit2.o)
    0x08000228   0x08000228   0x00000004   Code   RO          629    .ARM.Collect$$rtexit$$00000003  c_w.l(rtexit2.o)
    0x0800022c   0x0800022c   0x00000006   Code   RO          630    .ARM.Collect$$rtexit$$00000004  c_w.l(rtexit2.o)
    0x08000232   0x08000232   0x00000002   PAD
    0x08000234   0x08000234   0x00000040   Code   RO          297  * .text               startup_stm32f10x_md.o
    0x08000274   0x08000274   0x0000002c   Code   RO          322    .text               c_w.l(sprintf.o)
    0x080002a0   0x080002a0   0x00000006   Code   RO          324    .text               c_w.l(heapauxi.o)
    0x080002a6   0x080002a6   0x00000016   Code   RO          355    .text               c_w.l(_rserrno.o)
    0x080002bc   0x080002bc   0x0000004e   Code   RO          359    .text               c_w.l(_printf_pad.o)
    0x0800030a   0x0800030a   0x00000024   Code   RO          361    .text               c_w.l(_printf_truncate.o)
    0x0800032e   0x0800032e   0x00000052   Code   RO          363    .text               c_w.l(_printf_str.o)
    0x08000380   0x08000380   0x00000078   Code   RO          365    .text               c_w.l(_printf_dec.o)
    0x080003f8   0x080003f8   0x00000028   Code   RO          367    .text               c_w.l(_printf_charcount.o)
    0x08000420   0x08000420   0x00000030   Code   RO          369    .text               c_w.l(_printf_char_common.o)
    0x08000450   0x08000450   0x0000000a   Code   RO          371    .text               c_w.l(_sputc.o)
    0x0800045a   0x0800045a   0x00000002   PAD
    0x0800045c   0x0800045c   0x000000bc   Code   RO          373    .text               c_w.l(_printf_wctomb.o)
    0x08000518   0x08000518   0x0000007c   Code   RO          376    .text               c_w.l(_printf_longlong_dec.o)
    0x08000594   0x08000594   0x00000070   Code   RO          382    .text               c_w.l(_printf_oct_int_ll.o)
    0x08000604   0x08000604   0x00000094   Code   RO          402    .text               c_w.l(_printf_hex_int_ll_ptr.o)
    0x08000698   0x08000698   0x00000188   Code   RO          422    .text               c_w.l(__printf_flags_ss_wp.o)
    0x08000820   0x08000820   0x00000008   Code   RO          491    .text               c_w.l(rt_errno_addr_intlibspace.o)
    0x08000828   0x08000828   0x0000008a   Code   RO          493    .text               c_w.l(lludiv10.o)
    0x080008b2   0x080008b2   0x000000b2   Code   RO          495    .text               c_w.l(_printf_intcommon.o)
    0x08000964   0x08000964   0x0000041c   Code   RO          497    .text               c_w.l(_printf_fp_dec.o)
    0x08000d80   0x08000d80   0x000002fc   Code   RO          501    .text               c_w.l(_printf_fp_hex.o)
    0x0800107c   0x0800107c   0x0000002c   Code   RO          506    .text               c_w.l(_printf_char.o)
    0x080010a8   0x080010a8   0x0000002c   Code   RO          508    .text               c_w.l(_printf_wchar.o)
    0x080010d4   0x080010d4   0x00000048   Code   RO          511    .text               c_w.l(_c16rtomb.o)
    0x0800111c   0x0800111c   0x00000008   Code   RO          515    .text               c_w.l(libspace.o)
    0x08001124   0x08001124   0x0000004a   Code   RO          518    .text               c_w.l(sys_stackheap_outer.o)
    0x0800116e   0x0800116e   0x00000002   PAD
    0x08001170   0x08001170   0x00000010   Code   RO          520    .text               c_w.l(rt_ctype_table.o)
    0x08001180   0x08001180   0x00000008   Code   RO          525    .text               c_w.l(rt_locale_intlibspace.o)
    0x08001188   0x08001188   0x00000080   Code   RO          527    .text               c_w.l(_printf_fp_infnan.o)
    0x08001208   0x08001208   0x000000e4   Code   RO          529    .text               c_w.l(bigflt0.o)
    0x080012ec   0x080012ec   0x00000012   Code   RO          559    .text               c_w.l(exit.o)
    0x080012fe   0x080012fe   0x00000002   PAD
    0x08001300   0x08001300   0x00000080   Code   RO          578    .text               c_w.l(strcmpv7m.o)
    0x08001380   0x08001380   0x0000000c   Code   RO          640    .text               c_w.l(sys_exit.o)
    0x0800138c   0x0800138c   0x00000002   Code   RO          655    .text               c_w.l(use_no_semi.o)
    0x0800138e   0x0800138e   0x00000000   Code   RO          657    .text               c_w.l(indicate_semi.o)
    0x0800138e   0x0800138e   0x00000002   PAD
    0x08001390   0x08001390   0x000000e6   Code   RO            2    .text.EXTI9_5_IRQHandler  main.o
    0x08001476   0x08001476   0x00000002   PAD
    0x08001478   0x08001478   0x000000ee   Code   RO          119    .text.GPIO_Config   gpio.o
    0x08001566   0x08001566   0x00000002   PAD
    0x08001568   0x08001568   0x00000078   Code   RO           61    .text.I2C1_Init     i2c.o
    0x080015e0   0x080015e0   0x0000002c   Code   RO          165    .text.I2C_AcknowledgeConfig  stm32f10x_i2c.o
    0x0800160c   0x0800160c   0x00000054   Code   RO          203    .text.I2C_CheckEvent  stm32f10x_i2c.o
    0x08001660   0x08001660   0x0000002c   Code   RO          155    .text.I2C_Cmd       stm32f10x_i2c.o
    0x0800168c   0x0800168c   0x0000002c   Code   RO          161    .text.I2C_GenerateSTART  stm32f10x_i2c.o
    0x080016b8   0x080016b8   0x0000002c   Code   RO          163    .text.I2C_GenerateSTOP  stm32f10x_i2c.o
    0x080016e4   0x080016e4   0x00000062   Code   RO          207    .text.I2C_GetFlagStatus  stm32f10x_i2c.o
    0x08001746   0x08001746   0x00000002   PAD
    0x08001748   0x08001748   0x000001aa   Code   RO          151    .text.I2C_Init      stm32f10x_i2c.o
    0x080018f2   0x080018f2   0x00000002   PAD
    0x080018f4   0x080018f4   0x0000018c   Code   RO           67    .text.I2C_Read      i2c.o
    0x08001a80   0x08001a80   0x0000000e   Code   RO          177    .text.I2C_ReceiveData  stm32f10x_i2c.o
    0x08001a8e   0x08001a8e   0x00000002   PAD
    0x08001a90   0x08001a90   0x0000003c   Code   RO          179    .text.I2C_Send7bitAddress  stm32f10x_i2c.o
    0x08001acc   0x08001acc   0x00000014   Code   RO          175    .text.I2C_SendData  stm32f10x_i2c.o
    0x08001ae0   0x08001ae0   0x000000b4   Code   RO           63    .text.I2C_Write     i2c.o
    0x08001b94   0x08001b94   0x000000e2   Code   RO           65    .text.I2C_Write_To_Reg  i2c.o
    0x08001c76   0x08001c76   0x00000002   PAD
    0x08001c78   0x08001c78   0x0000004e   Code   RO            4    .text.Init          main.o
    0x08001cc6   0x08001cc6   0x00000002   PAD
    0x08001cc8   0x08001cc8   0x00000012   Code   RO           52    .text.LCD_1602A_ClearScrean  lcd.o
    0x08001cda   0x08001cda   0x00000002   PAD
    0x08001cdc   0x08001cdc   0x00000066   Code   RO           50    .text.LCD_1602A_Init  lcd.o
    0x08001d42   0x08001d42   0x00000002   PAD
    0x08001d44   0x08001d44   0x0000004c   Code   RO           48    .text.LCD_1602A_SetCursor  lcd.o
    0x08001d90   0x08001d90   0x000000a4   Code   RO           44    .text.LCD_1602A_WriteChar  lcd.o
    0x08001e34   0x08001e34   0x00000024   Code   RO           46    .text.LCD_1602A_WriteString  lcd.o
    0x08001e58   0x08001e58   0x00000068   Code   RO           88    .text.MPU6050_init  mpu6050.o
    0x08001ec0   0x08001ec0   0x00000028   Code   RO           84    .text.MPU_Read      mpu6050.o
    0x08001ee8   0x08001ee8   0x00000024   Code   RO           86    .text.MPU_Write     mpu6050.o
    0x08001f0c   0x08001f0c   0x000000be   Code   RO           82    .text.MPU_read_Acc_total  mpu6050.o
    0x08001fca   0x08001fca   0x00000002   PAD
    0x08001fcc   0x08001fcc   0x0000002a   Code   RO           76    .text.MPU_read_accX  mpu6050.o
    0x08001ff6   0x08001ff6   0x00000002   PAD
    0x08001ff8   0x08001ff8   0x0000002a   Code   RO           78    .text.MPU_read_accY  mpu6050.o
    0x08002022   0x08002022   0x00000002   PAD
    0x08002024   0x08002024   0x0000002a   Code   RO           80    .text.MPU_read_accZ  mpu6050.o
    0x0800204e   0x0800204e   0x00000002   PAD
    0x08002050   0x08002050   0x00000172   Code   RO          262    .text.RCC_GetClocksFreq  stm32f10x_rcc.o
    0x080021c2   0x080021c2   0x00000002   PAD
    0x080021c4   0x080021c4   0x00000008   Code   RO          306    .text.SetSysClock   system_stm32f10x.o
    0x080021cc   0x080021cc   0x00000122   Code   RO          310    .text.SetSysClockTo72  system_stm32f10x.o
    0x080022ee   0x080022ee   0x00000002   PAD
    0x080022f0   0x080022f0   0x00000018   Code   RO           29    .text.SysTick_Handler  systick.o
    0x08002308   0x08002308   0x0000005a   Code   RO           19    .text.SysTick_Init  systick.o
    0x08002362   0x08002362   0x00000002   PAD
    0x08002364   0x08002364   0x00000066   Code   RO          304    .text.SystemInit    system_stm32f10x.o
    0x080023ca   0x080023ca   0x00000002   PAD
    0x080023cc   0x080023cc   0x00000068   Code   RO          100    .text.TIM2_Config   timer.o
    0x08002434   0x08002434   0x000000d2   Code   RO          108    .text.TIM2_IRQHandler  timer.o
    0x08002506   0x08002506   0x00000002   PAD
    0x08002508   0x08002508   0x00000030   Code   RO           23    .text.__NVIC_EnableIRQ  systick.o
    0x08002538   0x08002538   0x00000030   Code   RO          104    .text.__NVIC_EnableIRQ  timer.o
    0x08002568   0x08002568   0x00000030   Code   RO          123    .text.__NVIC_EnableIRQ  gpio.o
    0x08002598   0x08002598   0x00000042   Code   RO           21    .text.__NVIC_SetPriority  systick.o
    0x080025da   0x080025da   0x00000002   PAD
    0x080025dc   0x080025dc   0x00000042   Code   RO          102    .text.__NVIC_SetPriority  timer.o
    0x0800261e   0x0800261e   0x00000002   PAD
    0x08002620   0x08002620   0x00000042   Code   RO          121    .text.__NVIC_SetPriority  gpio.o
    0x08002662   0x08002662   0x00000002   PAD
    0x08002664   0x08002664   0x0000000c   Code   RO           27    .text.hal_GetTick   systick.o
    0x08002670   0x08002670   0x00000010   Code   RO           25    .text.hal_IncTick   systick.o
    0x08002680   0x08002680   0x00000028   Code   RO           33    .text.hal_delay     systick.o
    0x080026a8   0x080026a8   0x00000010   Code   RO            6    .text.main          main.o
    0x080026b8   0x080026b8   0x000000a2   Code   RO          106    .text.peakDetection  timer.o
    0x0800275a   0x0800275a   0x0000003e   Code   RO          532    CL$$btod_d2e        c_w.l(btod.o)
    0x08002798   0x08002798   0x00000046   Code   RO          534    CL$$btod_d2e_denorm_low  c_w.l(btod.o)
    0x080027de   0x080027de   0x00000060   Code   RO          533    CL$$btod_d2e_norm_op1  c_w.l(btod.o)
    0x0800283e   0x0800283e   0x00000002   PAD
    0x08002840   0x08002840   0x00000338   Code   RO          542    CL$$btod_div_common  c_w.l(btod.o)
    0x08002b78   0x08002b78   0x000000dc   Code   RO          539    CL$$btod_e2e        c_w.l(btod.o)
    0x08002c54   0x08002c54   0x0000002a   Code   RO          536    CL$$btod_ediv       c_w.l(btod.o)
    0x08002c7e   0x08002c7e   0x0000002a   Code   RO          535    CL$$btod_emul       c_w.l(btod.o)
    0x08002ca8   0x08002ca8   0x00000244   Code   RO          541    CL$$btod_mult_common  c_w.l(btod.o)
    0x08002eec   0x08002eec   0x00000028   Code   RO          569    i.__ARM_fpclassify  m_ws.l(fpclassify.o)
    0x08002f14   0x08002f14   0x0000000e   Code   RO          415    i._is_digit         c_w.l(__printf_wp.o)
    0x08002f22   0x08002f22   0x0000004c   Code   RO          351    i.sqrt              m_ws.l(sqrt.o)
    0x08002f6e   0x08002f6e   0x00000002   PAD
    0x08002f70   0x08002f70   0x0000002c   Code   RO          557    locale$$code        c_w.l(lc_numeric_c.o)
    0x08002f9c   0x08002f9c   0x0000002c   Code   RO          576    locale$$code        c_w.l(lc_ctype_c.o)
    0x08002fc8   0x08002fc8   0x00000062   Code   RO          328    x$fpl$d2f           fz_ws.l(d2f.o)
    0x0800302a   0x0800302a   0x00000002   PAD
    0x0800302c   0x0800302c   0x00000150   Code   RO          330    x$fpl$dadd          fz_ws.l(daddsub_clz.o)
    0x0800317c   0x0800317c   0x00000018   Code   RO          513    x$fpl$dcmpinf       fz_ws.l(dcmpi.o)
    0x08003194   0x08003194   0x000002b4   Code   RO          339    x$fpl$ddiv          fz_ws.l(ddiv.o)
    0x08003448   0x08003448   0x00000078   Code   RO          448    x$fpl$deqf          fz_ws.l(deqf.o)
    0x080034c0   0x080034c0   0x0000002e   Code   RO          343    x$fpl$dflt          fz_ws.l(dflt_clz.o)
    0x080034ee   0x080034ee   0x00000002   PAD
    0x080034f0   0x080034f0   0x00000078   Code   RO          450    x$fpl$dgeqf         fz_ws.l(dgeqf.o)
    0x08003568   0x08003568   0x00000078   Code   RO          452    x$fpl$dleqf         fz_ws.l(dleqf.o)
    0x080035e0   0x080035e0   0x0000009c   Code   RO          454    x$fpl$dnaninf       fz_ws.l(dnaninf.o)
    0x0800367c   0x0800367c   0x0000000c   Code   RO          456    x$fpl$dretinf       fz_ws.l(dretinf.o)
    0x08003688   0x08003688   0x000001cc   Code   RO          458    x$fpl$dsqrt         fz_ws.l(dsqrt_noumaal.o)
    0x08003854   0x08003854   0x000001dc   Code   RO          332    x$fpl$dsub          fz_ws.l(daddsub_clz.o)
    0x08003a30   0x08003a30   0x00000056   Code   RO          348    x$fpl$f2d           fz_ws.l(f2d.o)
    0x08003a86   0x08003a86   0x00000054   Code   RO          336    x$fpl$fcmp          fz_ws.l(dcmp.o)
    0x08003ada   0x08003ada   0x0000008c   Code   RO          460    x$fpl$fnaninf       fz_ws.l(fnaninf.o)
    0x08003b66   0x08003b66   0x0000000a   Code   RO          462    x$fpl$fretinf       fz_ws.l(fretinf.o)
    0x08003b70   0x08003b70   0x00000004   Code   RO          464    x$fpl$printf1       fz_ws.l(printf1.o)
    0x08003b74   0x08003b74   0x00000004   Code   RO          466    x$fpl$printf2       fz_ws.l(printf2.o)
    0x08003b78   0x08003b78   0x00000000   Code   RO          472    x$fpl$usenofp       fz_ws.l(usenofp.o)
    0x08003b78   0x08003b78   0x00000008   Data   RO          374    .constdata          c_w.l(_printf_wctomb.o)
    0x08003b80   0x08003b80   0x00000028   Data   RO          403    .constdata          c_w.l(_printf_hex_int_ll_ptr.o)
    0x08003ba8   0x08003ba8   0x00000011   Data   RO          423    .constdata          c_w.l(__printf_flags_ss_wp.o)
    0x08003bb9   0x08003bb9   0x00000026   Data   RO          502    .constdata          c_w.l(_printf_fp_hex.o)
    0x08003bdf   0x08003bdf   0x00000001   PAD
    0x08003be0   0x08003be0   0x00000094   Data   RO          530    .constdata          c_w.l(bigflt0.o)
    0x08003c74   0x08003c74   0x00000004   Data   RO          287    .rodata.ADCPrescTable  stm32f10x_rcc.o
    0x08003c78   0x08003c78   0x00000010   Data   RO          286    .rodata.APBAHBPrescTable  stm32f10x_rcc.o
    0x08003c88   0x08003c88   0x0000000c   Data   RO           10    .rodata.str1.1      main.o
    0x08003c94   0x08003c94   0x00000008   Data   RO          111    .rodata.str1.1      timer.o
    0x08003c9c   0x08003c9c   0x00000020   Data   RO          713    Region$$Table       anon$$obj.o
    0x08003cbc   0x08003cbc   0x0000001c   Data   RO          556    locale$$data        c_w.l(lc_numeric_c.o)
    0x08003cd8   0x08003cd8   0x00000110   Data   RO          575    locale$$data        c_w.l(lc_ctype_c.o)


    Execution Region ER_RW (Exec base: 0x20000000, Load base: 0x08003de8, Size: 0x00000004, Max: 0xffffffff, ABSOLUTE)

    Exec Addr    Load Addr    Size         Type   Attr      Idx    E Section Name        Object

    0x20000000   0x08003de8   0x00000004   Data   RW          312    .data.SystemCoreClock  system_stm32f10x.o


    Execution Region ER_ZI (Exec base: 0x20000008, Load base: 0x08003dec, Size: 0x00000670, Max: 0xffffffff, ABSOLUTE)

    Exec Addr    Load Addr    Size         Type   Attr      Idx    E Section Name        Object

    0x20000008        -       0x00000060   Zero   RW          516    .bss                c_w.l(libspace.o)
    0x20000068        -       0x00000002   Zero   RW           90    .bss.MPU6050_accX   mpu6050.o
    0x2000006a        -       0x00000002   Zero   RW           91    .bss.MPU6050_accY   mpu6050.o
    0x2000006c        -       0x00000002   Zero   RW           92    .bss.MPU6050_accZ   mpu6050.o
    0x2000006e        -       0x00000001   Zero   RW          110    .bss.blink          timer.o
    0x2000006f        -       0x00000001   Zero   RW            8    .bss.mode           main.o
    0x20000070        -       0x00000004   Zero   RW           36    .bss.msTick         systick.o
    0x20000074        -       0x00000004   Zero   RW            9    .bss.step_count     main.o
    0x20000078        -       0x00000200   Zero   RW          295    HEAP                startup_stm32f10x_md.o
    0x20000278        -       0x00000400   Zero   RW          294    STACK               startup_stm32f10x_md.o


==============================================================================

Image component sizes


      Code (inc. data)   RO Data    RW Data    ZI Data      Debug   Object Name

       352          0          0          0          0       3903   gpio.o
       922          0          0          0          0       2871   i2c.o
       396          0          0          0          0       1261   lcd.o
       324          0         12          0          5       1583   main.o
       496          0          0          0          6       1891   mpu6050.o
        64         26        236          0       1536        844   startup_stm32f10x_md.o
       878          0          0          0          0       7865   stm32f10x_i2c.o
       370          0         20          0          0       7014   stm32f10x_rcc.o
       400          0          0          4          0       2872   system_stm32f10x.o
       296          0          0          0          4       3914   systick.o
       590          0          8          0          1       5142   timer.o

    ----------------------------------------------------------------------
      5130         26        308          4       1552      39160   Object Totals
         0          0         32          0          0          0   (incl. Generated)
        42          0          0          0          0          0   (incl. Padding)

    ----------------------------------------------------------------------

      Code (inc. data)   RO Data    RW Data    ZI Data      Debug   Library Member Name

         8          0          0          0          0         68   __main.o
       392          4         17          0          0         92   __printf_flags_ss_wp.o
        14          0          0          0          0         68   __printf_wp.o
         0          0          0          0          0          0   __rtentry.o
        12          0          0          0          0          0   __rtentry2.o
         6          0          0          0          0          0   __rtentry4.o
        52          8          0          0          0          0   __scatter.o
        26          0          0          0          0          0   __scatter_copy.o
        28          0          0          0          0          0   __scatter_zi.o
        72          0          0          0          0         96   _c16rtomb.o
         6          0          0          0          0          0   _printf_a.o
         6          0          0          0          0          0   _printf_c.o
        44          0          0          0          0        108   _printf_char.o
        48          6          0          0          0         96   _printf_char_common.o
        40          0          0          0          0         68   _printf_charcount.o
         6          0          0          0          0          0   _printf_d.o
       120         16          0          0          0         92   _printf_dec.o
         6          0          0          0          0          0   _printf_e.o
         6          0          0          0          0          0   _printf_f.o
      1052          0          0          0          0        148   _printf_fp_dec.o
       764          8         38          0          0        100   _printf_fp_hex.o
       128         16          0          0          0         84   _printf_fp_infnan.o
         6          0          0          0          0          0   _printf_g.o
       148          4         40          0          0        160   _printf_hex_int_ll_ptr.o
         6          0          0          0          0          0   _printf_i.o
       178          0          0          0          0         88   _printf_intcommon.o
        10          0          0          0          0          0   _printf_l.o
         6          0          0          0          0          0   _printf_lc.o
        10          0          0          0          0          0   _printf_ll.o
         6          0          0          0          0          0   _printf_lld.o
         6          0          0          0          0          0   _printf_lli.o
         6          0          0          0          0          0   _printf_llo.o
         6          0          0          0          0          0   _printf_llu.o
         6          0          0          0          0          0   _printf_llx.o
       124         16          0          0          0         92   _printf_longlong_dec.o
         6          0          0          0          0          0   _printf_ls.o
         6          0          0          0          0          0   _printf_n.o
         6          0          0          0          0          0   _printf_o.o
       112          8          0          0          0        124   _printf_oct_int_ll.o
         6          0          0          0          0          0   _printf_p.o
        78          0          0          0          0        108   _printf_pad.o
         0          0          0          0          0          0   _printf_percent.o
         4          0          0          0          0          0   _printf_percent_end.o
         6          0          0          0          0          0   _printf_s.o
        82          0          0          0          0         80   _printf_str.o
        36          0          0          0          0         84   _printf_truncate.o
         6          0          0          0          0          0   _printf_u.o
        44          0          0          0          0        108   _printf_wchar.o
       188          6          8          0          0         92   _printf_wctomb.o
         6          0          0          0          0          0   _printf_x.o
        22          0          0          0          0        100   _rserrno.o
        10          0          0          0          0         68   _sputc.o
       228          4        148          0          0         96   bigflt0.o
      1936        128          0          0          0        668   btod.o
        18          0          0          0          0         80   exit.o
         6          0          0          0          0        152   heapauxi.o
         0          0          0          0          0          0   indicate_semi.o
        44         10        272          0          0         76   lc_ctype_c.o
        44         10         28          0          0         76   lc_numeric_c.o
         2          0          0          0          0          0   libinit.o
        30          0          0          0          0          0   libinit2.o
         2          0          0          0          0          0   libshutdown.o
         2          0          0          0          0          0   libshutdown2.o
         8          4          0          0         96         68   libspace.o
       138          0          0          0          0         80   lludiv10.o
        16          4          0          0          0         76   rt_ctype_table.o
         8          4          0          0          0         68   rt_errno_addr_intlibspace.o
         8          4          0          0          0         68   rt_locale_intlibspace.o
         2          0          0          0          0          0   rtexit.o
        10          0          0          0          0          0   rtexit2.o
        44          6          0          0          0         84   sprintf.o
       128          0          0          0          0         68   strcmpv7m.o
        12          4          0          0          0         68   sys_exit.o
        74          0          0          0          0         80   sys_stackheap_outer.o
         2          0          0          0          0         68   use_no_semi.o
        98          4          0          0          0         92   d2f.o
       812         16          0          0          0        296   daddsub_clz.o
        84          0          0          0          0        196   dcmp.o
        24          0          0          0          0         68   dcmpi.o
       692        140          0          0          0        216   ddiv.o
       120          4          0          0          0         92   deqf.o
        46          0          0          0          0         68   dflt_clz.o
       120          4          0          0          0         92   dgeqf.o
       120          4          0          0          0         92   dleqf.o
       156          4          0          0          0         92   dnaninf.o
        12          0          0          0          0         68   dretinf.o
       460         56          0          0          0        120   dsqrt_noumaal.o
        86          4          0          0          0         84   f2d.o
       140          4          0          0          0         84   fnaninf.o
        10          0          0          0          0         68   fretinf.o
         4          0          0          0          0         68   printf1.o
         4          0          0          0          0         68   printf2.o
         0          0          0          0          0          0   usenofp.o
        40          0          0          0          0         68   fpclassify.o
        76          0          0          0          0         84   sqrt.o

    ----------------------------------------------------------------------
      9858        510        552          0         96       6016   Library Totals
        20          0          1          0          0          0   (incl. Padding)

    ----------------------------------------------------------------------

      Code (inc. data)   RO Data    RW Data    ZI Data      Debug   Library Name

      6734        270        551          0         96       4000   c_w.l
      2988        240          0          0          0       1864   fz_ws.l
       116          0          0          0          0        152   m_ws.l

    ----------------------------------------------------------------------
      9858        510        552          0         96       6016   Library Totals

    ----------------------------------------------------------------------

==============================================================================


      Code (inc. data)   RO Data    RW Data    ZI Data      Debug   

     14988        536        860          4       1648      41872   Grand Totals
     14988        536        860          4       1648      41872   ELF Image Totals
     14988        536        860          4          0          0   ROM Totals

==============================================================================

    Total RO  Size (Code + RO Data)                15848 (  15.48kB)
    Total RW  Size (RW Data + ZI Data)              1652 (   1.61kB)
    Total ROM Size (Code + RO Data + RW Data)      15852 (  15.48kB)

==============================================================================

